Archive member included to satisfy reference by file (symbol)

C:\ISEL\5 semestre\SE\Trabalho\Workspace\DRIVERS\Debug\libDRIVERS.a(display.o)
                              ./src/Projeto.o (LCDText_Init)
C:\ISEL\5 semestre\SE\Trabalho\Workspace\DRIVERS\Debug\libDRIVERS.a(eeprom.o)
                              ./src/Projeto.o (eeprominit)
C:\ISEL\5 semestre\SE\Trabalho\Workspace\DRIVERS\Debug\libDRIVERS.a(encoder.o)
                              ./src/Projeto.o (ENCODER_Init)
C:\ISEL\5 semestre\SE\Trabalho\Workspace\DRIVERS\Debug\libDRIVERS.a(led.o)
                              ./src/Projeto.o (LED_Init)
C:\ISEL\5 semestre\SE\Trabalho\Workspace\DRIVERS\Debug\libDRIVERS.a(pir.o)
                              ./src/Projeto.o (PIR_Init)
C:\ISEL\5 semestre\SE\Trabalho\Workspace\DRIVERS\Debug\libDRIVERS.a(rtc.o)
                              ./src/Projeto.o (RTC_Init)
C:\ISEL\5 semestre\SE\Trabalho\Workspace\BH1750\Release\libBH1750.a(bh1750.o)
                              ./src/Projeto.o (BH1750_Init)
C:\ISEL\5 semestre\SE\Trabalho\Workspace\BH1750\Release\libBH1750.a(i2c.o)
                              C:\ISEL\5 semestre\SE\Trabalho\Workspace\BH1750\Release\libBH1750.a(bh1750.o) (I2CMasterBuffer)
C:\ISEL\5 semestre\SE\Trabalho\Workspace\BH1750\Release\libBH1750.a(pinconfig.o)
                              C:\ISEL\5 semestre\SE\Trabalho\Workspace\BH1750\Release\libBH1750.a(i2c.o) (PINCFG_Function)
C:\ISEL\5 semestre\SE\Trabalho\Workspace\BH1750\Release\libBH1750.a(clockpower.o)
                              C:\ISEL\5 semestre\SE\Trabalho\Workspace\BH1750\Release\libBH1750.a(i2c.o) (CLKPWR_GetPClk)
C:\ISEL\5 semestre\SE\Trabalho\Workspace\HAL\Debug\libHAL.a(fgpio.o)
                              C:\ISEL\5 semestre\SE\Trabalho\Workspace\DRIVERS\Debug\libDRIVERS.a(led.o) (gpiotoggle)
C:\ISEL\5 semestre\SE\Trabalho\Workspace\HAL\Debug\libHAL.a(rtchall.o)
                              ./src/util.o (RTC_Start)
C:\ISEL\5 semestre\SE\Trabalho\Workspace\HAL\Debug\libHAL.a(spi.o)
                              ./src/Projeto.o (SPI_Init)
C:\ISEL\5 semestre\SE\Trabalho\Workspace\HAL\Debug\libHAL.a(timers.o)
                              C:\ISEL\5 semestre\SE\Trabalho\Workspace\DRIVERS\Debug\libDRIVERS.a(encoder.o) (RIT_IRQACK)
C:\ISEL\5 semestre\SE\Trabalho\Workspace\CMSIS_CORE_LPC17xx\Debug\libCMSIS_CORE_LPC17xx.a(system_LPC17xx.o)
                              C:\ISEL\5 semestre\SE\Trabalho\Workspace\HAL\Debug\libHAL.a(timers.o) (SystemCoreClockUpdate)
c:/nxp/mcuxpressoide_11.6.0_8187/ide/plugins/com.nxp.mcuxpresso.tools.win32_11.6.0.202112161359/tools/bin/../lib/gcc/arm-none-eabi/10.3.1/../../../../arm-none-eabi/lib/thumb/v7-m/nofp\libcr_semihost.a(_cr__main.o)
                              ./src/cr_startup_lpc175x_6x.o (__main)
c:/nxp/mcuxpressoide_11.6.0_8187/ide/plugins/com.nxp.mcuxpresso.tools.win32_11.6.0.202112161359/tools/bin/../lib/gcc/arm-none-eabi/10.3.1/../../../../arm-none-eabi/lib/thumb/v7-m/nofp\libcr_c.a(cr_time.o)
                              C:\ISEL\5 semestre\SE\Trabalho\Workspace\DRIVERS\Debug\libDRIVERS.a(rtc.o) (time)
c:/nxp/mcuxpressoide_11.6.0_8187/ide/plugins/com.nxp.mcuxpresso.tools.win32_11.6.0.202112161359/tools/bin/../lib/gcc/arm-none-eabi/10.3.1/../../../../arm-none-eabi/lib/thumb/v7-m/nofp\libcr_c.a(fpprintf.o)
                              C:\ISEL\5 semestre\SE\Trabalho\Workspace\DRIVERS\Debug\libDRIVERS.a(display.o) (vsprintf)
c:/nxp/mcuxpressoide_11.6.0_8187/ide/plugins/com.nxp.mcuxpresso.tools.win32_11.6.0.202112161359/tools/bin/../lib/gcc/arm-none-eabi/10.3.1/../../../../arm-none-eabi/lib/thumb/v7-m/nofp\libcr_c.a(initio.o)
                              c:/nxp/mcuxpressoide_11.6.0_8187/ide/plugins/com.nxp.mcuxpresso.tools.win32_11.6.0.202112161359/tools/bin/../lib/gcc/arm-none-eabi/10.3.1/../../../../arm-none-eabi/lib/thumb/v7-m/nofp\libcr_semihost.a(_cr__main.o) (_initio)
c:/nxp/mcuxpressoide_11.6.0_8187/ide/plugins/com.nxp.mcuxpresso.tools.win32_11.6.0.202112161359/tools/bin/../lib/gcc/arm-none-eabi/10.3.1/../../../../arm-none-eabi/lib/thumb/v7-m/nofp\libcr_c.a(printf.o)
                              c:/nxp/mcuxpressoide_11.6.0_8187/ide/plugins/com.nxp.mcuxpresso.tools.win32_11.6.0.202112161359/tools/bin/../lib/gcc/arm-none-eabi/10.3.1/../../../../arm-none-eabi/lib/thumb/v7-m/nofp\libcr_c.a(fpprintf.o) (__vfprintf)
c:/nxp/mcuxpressoide_11.6.0_8187/ide/plugins/com.nxp.mcuxpresso.tools.win32_11.6.0.202112161359/tools/bin/../lib/gcc/arm-none-eabi/10.3.1/../../../../arm-none-eabi/lib/thumb/v7-m/nofp\libcr_c.a(setvbuf.o)
                              c:/nxp/mcuxpressoide_11.6.0_8187/ide/plugins/com.nxp.mcuxpresso.tools.win32_11.6.0.202112161359/tools/bin/../lib/gcc/arm-none-eabi/10.3.1/../../../../arm-none-eabi/lib/thumb/v7-m/nofp\libcr_c.a(initio.o) (setvbuf)
[...]
Memory Configuration

Name             Origin             Length             Attributes
MFlash512        0x00000000         0x00080000         xr
RamLoc32         0x10000000         0x00008000         xrw
RamAHB32         0x2007c000         0x00008000         xrw
*default*        0x00000000         0xffffffff

Linker script and memory map

LOAD ./src/Projeto.o
LOAD ./src/cr_startup_lpc175x_6x.o
LOAD ./src/crp.o
LOAD ./src/modos.o
LOAD ./src/util.o
LOAD C:\ISEL\5 semestre\SE\Trabalho\Workspace\DRIVERS\Debug\libDRIVERS.a
LOAD C:\ISEL\5 semestre\SE\Trabalho\Workspace\BH1750\Release\libBH1750.a
LOAD C:\ISEL\5 semestre\SE\Trabalho\Workspace\HAL\Debug\libHAL.a
LOAD C:\ISEL\5 semestre\SE\Trabalho\Workspace\CMSIS_CORE_LPC17xx\Debug\libCMSIS_CORE_LPC17xx.a
START GROUP
LOAD c:/nxp/mcuxpressoide_11.6.0_8187/ide/plugins/com.nxp.mcuxpresso.tools.win32_11.6.0.202112161359/tools/bin/../lib/gcc/arm-none-eabi/10.3.1/../../../../arm-none-eabi/lib/thumb/v7-m/nofp\libcr_semihost.a
LOAD c:/nxp/mcuxpressoide_11.6.0_8187/ide/plugins/com.nxp.mcuxpresso.tools.win32_11.6.0.202112161359/tools/bin/../lib/gcc/arm-none-eabi/10.3.1/../../../../arm-none-eabi/lib/thumb/v7-m/nofp\libcr_c.a
LOAD c:/nxp/mcuxpressoide_11.6.0_8187/ide/plugins/com.nxp.mcuxpresso.tools.win32_11.6.0.202112161359/tools/bin/../lib/gcc/arm-none-eabi/10.3.1/thumb/v7-m/nofp\libcr_eabihelpers.a
LOAD c:/nxp/mcuxpressoide_11.6.0_8187/ide/plugins/com.nxp.mcuxpresso.tools.win32_11.6.0.202112161359/tools/bin/../lib/gcc/arm-none-eabi/10.3.1/thumb/v7-m/nofp\libgcc.a
END GROUP
                0x00000000                __base_MFlash512 = 0x0
                0x00000000                __base_Flash = 0x0
                0x00080000                __top_MFlash512 = 0x80000
                0x00080000                __top_Flash = 0x80000
                0x10000000                __base_RamLoc32 = 0x10000000
                0x10000000                __base_RAM = 0x10000000
                0x10008000                __top_RamLoc32 = 0x10008000
                0x10008000                __top_RAM = 0x10008000
                0x2007c000                __base_RamAHB32 = 0x2007c000
                0x2007c000                __base_RAM2 = 0x2007c000
                0x20084000                __top_RamAHB32 = 0x20084000
                0x20084000                __top_RAM2 = 0x20084000

.text           0x00000000     0x5c68
 FILL mask 0xff
                0x00000000                __vectors_start__ = ABSOLUTE (.)
 *(.isr_vector)
 .isr_vector    0x00000000       0xcc ./src/cr_startup_lpc175x_6x.o
                0x00000000                g_pfnVectors
                0x000000cc                . = ALIGN (0x4)
                0x000000cc                __section_table_start = .
                0x000000cc                __data_section_table = .
                0x000000cc        0x4 LONG 0x5c68 LOADADDR (.data)
                0x000000d0        0x4 LONG 0x10000000 ADDR (.data)
                0x000000d4        0x4 LONG 0x8 SIZEOF (.data)
                0x000000d8        0x4 LONG 0x5c68 LOADADDR (.data_RAM2)
                0x000000dc        0x4 LONG 0x2007c000 ADDR (.data_RAM2)
                0x000000e0        0x4 LONG 0x0 SIZEOF (.data_RAM2)
                0x000000e4                __data_section_table_end = .
                0x000000e4                __bss_section_table = .
                0x000000e4        0x4 LONG 0x10000008 ADDR (.bss)
                0x000000e8        0x4 LONG 0x238 SIZEOF (.bss)
                0x000000ec        0x4 LONG 0x2007c000 ADDR (.bss_RAM2)
                0x000000f0        0x4 LONG 0x0 SIZEOF (.bss_RAM2)
                0x000000f4                __bss_section_table_end = .
                0x000000f4                __section_table_end = .
 *(.after_vectors*)
 .after_vectors
                0x000000f4      0x130 ./src/cr_startup_lpc175x_6x.o
                0x000000f4                data_init
                0x00000138                bss_init
                0x00000170                ResetISR
                0x000001e8                NMI_Handler
                0x000001ee                HardFault_Handler
                0x000001f4                MemManage_Handler
                0x000001fa                BusFault_Handler
                0x00000200                UsageFault_Handler
                0x00000206                SVC_Handler
                0x0000020c                DebugMon_Handler
                0x00000212                PendSV_Handler
                0x0000021e                TIMER3_IRQHandler
                0x0000021e                UART0_IRQHandler
                0x0000021e                CANActivity_IRQHandler
                0x0000021e                EINT3_IRQHandler
                0x0000021e                UART1_IRQHandler
                0x0000021e                IntDefaultHandler
                0x0000021e                PLL0_IRQHandler
                0x0000021e                CAN_IRQHandler
                0x0000021e                PWM1_IRQHandler
                0x0000021e                EINT2_IRQHandler
                0x0000021e                I2S_IRQHandler
                0x0000021e                I2C2_IRQHandler
                0x0000021e                RTC_IRQHandler
                0x0000021e                SPI_IRQHandler
                0x0000021e                USBActivity_IRQHandler
                0x0000021e                EINT1_IRQHandler
                0x0000021e                TIMER1_IRQHandler
                0x0000021e                UART2_IRQHandler
                0x0000021e                ADC_IRQHandler
                0x0000021e                SSP1_IRQHandler
                0x0000021e                USB_IRQHandler
                0x0000021e                BOD_IRQHandler
                0x0000021e                SSP0_IRQHandler
                0x0000021e                WDT_IRQHandler
                0x0000021e                I2C1_IRQHandler
                0x0000021e                QEI_IRQHandler
                0x0000021e                EINT0_IRQHandler
                0x0000021e                PLL1_IRQHandler
                0x0000021e                DMA_IRQHandler
                0x0000021e                TIMER2_IRQHandler
                0x0000021e                UART3_IRQHandler
                0x0000021e                MCPWM_IRQHandler
                0x0000021e                ENET_IRQHandler
                0x000002fc                . = 0x2fc
 *fill*         0x00000224       0xd8 ff
                0x000002fc                PROVIDE (__CRP_WORD_START__ = .)
 *(.crp)
 .crp           0x000002fc        0x4 ./src/crp.o
                0x000002fc                CRP_WORD
                0x00000300                PROVIDE (__CRP_WORD_END__ = .)
                0x00000001                ASSERT (! ((__CRP_WORD_START__ == __CRP_WORD_END__)), Linker CRP Enabled, but no CRP_WORD provided within application)
 *(.text*)
 .text.BH1750_GetElapsedMillis
                0x00000300       0x18 ./src/Projeto.o
                0x00000300                BH1750_GetElapsedMillis
 .text.main     0x00000318       0xa0 ./src/Projeto.o
                0x00000318                main
 .text.getLight
                0x000003b8       0x44 ./src/modos.o
                0x000003b8                getLight
 .text.setLight
                0x000003fc       0xc4 ./src/modos.o
                0x000003fc                setLight
 .text.showReg  0x000004c0      0x120 ./src/modos.o
                0x000004c0                showReg
 .text.regEeprom
                0x000005e0       0xbc ./src/modos.o
                0x000005e0                regEeprom
 .text.readReg  0x0000069c       0xe4 ./src/modos.o
                0x0000069c                readReg
 .text.clearReg
                0x00000780       0xcc ./src/modos.o
                0x00000780                clearReg
 .text.modoNormal
                0x0000084c      0x1d4 ./src/modos.o
                0x0000084c                modoNormal
 .text.modoManutencao
                0x00000a20      0x240 ./src/modos.o
                0x00000a20                modoManutencao
 .text.numDias  0x00000c60       0x98 ./src/util.o
                0x00000c60                numDias
 .text.textoCal
                0x00000cf8       0xe8 ./src/util.o
                0x00000cf8                textoCal
 .text.setDate  0x00000de0      0x288 ./src/util.o
                0x00000de0                setDate
 .text.textoRel
                0x00001068       0x9c ./src/util.o
                0x00001068                textoRel
 .text.setRelogio
                0x00001104      0x21c ./src/util.o
                0x00001104                setRelogio
 .text.niblle_write
                0x00001320       0xbe C:\ISEL\5 semestre\SE\Trabalho\Workspace\DRIVERS\Debug\libDRIVERS.a(display.o)
                0x00001320                niblle_write
 .text.byte_write
                0x000013de       0x26 C:\ISEL\5 semestre\SE\Trabalho\Workspace\DRIVERS\Debug\libDRIVERS.a(display.o)
                0x000013de                byte_write
 .text.cmd_write
                0x00001404       0x20 C:\ISEL\5 semestre\SE\Trabalho\Workspace\DRIVERS\Debug\libDRIVERS.a(display.o)
                0x00001404                cmd_write
 .text.data_write
                0x00001424       0x20 C:\ISEL\5 semestre\SE\Trabalho\Workspace\DRIVERS\Debug\libDRIVERS.a(display.o)
                0x00001424                data_write
 .text.LCDText_Init
                0x00001444       0xe2 C:\ISEL\5 semestre\SE\Trabalho\Workspace\DRIVERS\Debug\libDRIVERS.a(display.o)
                0x00001444                LCDText_Init
 .text.LCDText_WriteChar
                0x00001526       0x1c C:\ISEL\5 semestre\SE\Trabalho\Workspace\DRIVERS\Debug\libDRIVERS.a(display.o)
                0x00001526                LCDText_WriteChar
 .text.LCDText_WriteString
                0x00001542       0x38 C:\ISEL\5 semestre\SE\Trabalho\Workspace\DRIVERS\Debug\libDRIVERS.a(display.o)
                0x00001542                LCDText_WriteString
 .text.LCDText_SetCursor
                0x0000157a       0x2e C:\ISEL\5 semestre\SE\Trabalho\Workspace\DRIVERS\Debug\libDRIVERS.a(display.o)
                0x0000157a                LCDText_SetCursor
 .text.LCDText_Home
                0x000015a8        0xe C:\ISEL\5 semestre\SE\Trabalho\Workspace\DRIVERS\Debug\libDRIVERS.a(display.o)
                0x000015a8                LCDText_Home
 .text.LCDText_Clear
                0x000015b6        0xe C:\ISEL\5 semestre\SE\Trabalho\Workspace\DRIVERS\Debug\libDRIVERS.a(display.o)
                0x000015b6                LCDText_Clear
 .text.LCDText_Printf
                0x000015c4       0x30 C:\ISEL\5 semestre\SE\Trabalho\Workspace\DRIVERS\Debug\libDRIVERS.a(display.o)
                0x000015c4                LCDText_Printf
 .text.eeprominit
                0x000015f4       0x46 C:\ISEL\5 semestre\SE\Trabalho\Workspace\DRIVERS\Debug\libDRIVERS.a(eeprom.o)
                0x000015f4                eeprominit
 .text.write_enable
                0x0000163a       0x1e C:\ISEL\5 semestre\SE\Trabalho\Workspace\DRIVERS\Debug\libDRIVERS.a(eeprom.o)
                0x0000163a                write_enable
 .text.read_status
                0x00001658       0x2c C:\ISEL\5 semestre\SE\Trabalho\Workspace\DRIVERS\Debug\libDRIVERS.a(eeprom.o)
                0x00001658                read_status
 .text.CAT25128_WriteByte
                0x00001684       0x5c C:\ISEL\5 semestre\SE\Trabalho\Workspace\DRIVERS\Debug\libDRIVERS.a(eeprom.o)
                0x00001684                CAT25128_WriteByte
 .text.CAT25128_ReadByte
                0x000016e0       0x4c C:\ISEL\5 semestre\SE\Trabalho\Workspace\DRIVERS\Debug\libDRIVERS.a(eeprom.o)
                0x000016e0                CAT25128_ReadByte
 .text.CAT25128_WriteBlock
                0x0000172c      0x1dc C:\ISEL\5 semestre\SE\Trabalho\Workspace\DRIVERS\Debug\libDRIVERS.a(eeprom.o)
                0x0000172c                CAT25128_WriteBlock
 .text.ENCODER_Init
                0x00001908       0x52 C:\ISEL\5 semestre\SE\Trabalho\Workspace\DRIVERS\Debug\libDRIVERS.a(encoder.o)
                0x00001908                ENCODER_Init
 .text.state_encoder
                0x0000195a       0x2e C:\ISEL\5 semestre\SE\Trabalho\Workspace\DRIVERS\Debug\libDRIVERS.a(encoder.o)
                0x0000195a                state_encoder
 .text.button_pressed
                0x00001988       0x28 C:\ISEL\5 semestre\SE\Trabalho\Workspace\DRIVERS\Debug\libDRIVERS.a(encoder.o)
                0x00001988                button_pressed
 .text.RIT_IRQHandler
                0x000019b0      0x200 C:\ISEL\5 semestre\SE\Trabalho\Workspace\DRIVERS\Debug\libDRIVERS.a(encoder.o)
                0x000019b0                RIT_IRQHandler
 .text.ENCODER_GetValue
                0x00001bb0       0x24 C:\ISEL\5 semestre\SE\Trabalho\Workspace\DRIVERS\Debug\libDRIVERS.a(encoder.o)
                0x00001bb0                ENCODER_GetValue
 .text.ENCODER_GetButton
                0x00001bd4       0x2c C:\ISEL\5 semestre\SE\Trabalho\Workspace\DRIVERS\Debug\libDRIVERS.a(encoder.o)
                0x00001bd4                ENCODER_GetButton
 .text.LED_Init
                0x00001c00       0x32 C:\ISEL\5 semestre\SE\Trabalho\Workspace\DRIVERS\Debug\libDRIVERS.a(led.o)
                0x00001c00                LED_Init
 .text.LED_On   0x00001c32       0x12 C:\ISEL\5 semestre\SE\Trabalho\Workspace\DRIVERS\Debug\libDRIVERS.a(led.o)
                0x00001c32                LED_On
 .text.LED_Off  0x00001c44       0x12 C:\ISEL\5 semestre\SE\Trabalho\Workspace\DRIVERS\Debug\libDRIVERS.a(led.o)
                0x00001c44                LED_Off
 .text.PIR_Init
                0x00001c56       0x1c C:\ISEL\5 semestre\SE\Trabalho\Workspace\DRIVERS\Debug\libDRIVERS.a(pir.o)
                0x00001c56                PIR_Init
 .text.PIR_GetPresence
                0x00001c72       0x12 C:\ISEL\5 semestre\SE\Trabalho\Workspace\DRIVERS\Debug\libDRIVERS.a(pir.o)
                0x00001c72                PIR_GetPresence
 .text.RTC_Init
                0x00001c84       0x22 C:\ISEL\5 semestre\SE\Trabalho\Workspace\DRIVERS\Debug\libDRIVERS.a(rtc.o)
                0x00001c84                RTC_Init
 .text.RTC_GetValue
                0x00001ca6       0x16 C:\ISEL\5 semestre\SE\Trabalho\Workspace\DRIVERS\Debug\libDRIVERS.a(rtc.o)
                0x00001ca6                RTC_GetValue
 .text.RTC_SetValue
                0x00001cbc       0x16 C:\ISEL\5 semestre\SE\Trabalho\Workspace\DRIVERS\Debug\libDRIVERS.a(rtc.o)
                0x00001cbc                RTC_SetValue
 *fill*         0x00001cd2        0x2 ff
 .text.Read     0x00001cd4       0x54 C:\ISEL\5 semestre\SE\Trabalho\Workspace\BH1750\Release\libBH1750.a(bh1750.o)
 .text.Write    0x00001d28       0x60 C:\ISEL\5 semestre\SE\Trabalho\Workspace\BH1750\Release\libBH1750.a(bh1750.o)
 .text.BH1750_Init
                0x00001d88       0x34 C:\ISEL\5 semestre\SE\Trabalho\Workspace\BH1750\Release\libBH1750.a(bh1750.o)
                0x00001d88                BH1750_Init
 .text.BH1750_ConfigureMode
                0x00001dbc       0x38 C:\ISEL\5 semestre\SE\Trabalho\Workspace\BH1750\Release\libBH1750.a(bh1750.o)
                0x00001dbc                BH1750_ConfigureMode
 .text.BH1750_SetMeasurementTime
                0x00001df4       0x34 C:\ISEL\5 semestre\SE\Trabalho\Workspace\BH1750\Release\libBH1750.a(bh1750.o)
                0x00001df4                BH1750_SetMeasurementTime
 .text.BH1750_Ready
                0x00001e28      0x120 C:\ISEL\5 semestre\SE\Trabalho\Workspace\BH1750\Release\libBH1750.a(bh1750.o)
                0x00001e28                BH1750_Ready
 .text.BH1750_GetLight
                0x00001f48       0xa8 C:\ISEL\5 semestre\SE\Trabalho\Workspace\BH1750\Release\libBH1750.a(bh1750.o)
                0x00001f48                BH1750_GetLight
 .text.NVIC_EnableIRQ
                0x00001ff0       0x30 C:\ISEL\5 semestre\SE\Trabalho\Workspace\BH1750\Release\libBH1750.a(i2c.o)
 .text.I2C0_IRQHandler
                0x00002020      0x348 C:\ISEL\5 semestre\SE\Trabalho\Workspace\BH1750\Release\libBH1750.a(i2c.o)
                0x00002020                I2C0_IRQHandler
 .text.I2C_Start
                0x00002368       0x64 C:\ISEL\5 semestre\SE\Trabalho\Workspace\BH1750\Release\libBH1750.a(i2c.o)
                0x00002368                I2C_Start
 .text.I2C_Stop
                0x000023cc       0x2c C:\ISEL\5 semestre\SE\Trabalho\Workspace\BH1750\Release\libBH1750.a(i2c.o)
                0x000023cc                I2C_Stop
 .text.I2C_Init
                0x000023f8       0x68 C:\ISEL\5 semestre\SE\Trabalho\Workspace\BH1750\Release\libBH1750.a(i2c.o)
                0x000023f8                I2C_Init
 .text.I2C_SetFrequency
                0x00002460       0x38 C:\ISEL\5 semestre\SE\Trabalho\Workspace\BH1750\Release\libBH1750.a(i2c.o)
                0x00002460                I2C_SetFrequency
 .text.I2C_Motor
                0x00002498       0x44 C:\ISEL\5 semestre\SE\Trabalho\Workspace\BH1750\Release\libBH1750.a(i2c.o)
                0x00002498                I2C_Motor
 .text.PINCFG_Function
                0x000024dc       0x8c C:\ISEL\5 semestre\SE\Trabalho\Workspace\BH1750\Release\libBH1750.a(pinconfig.o)
                0x000024dc                PINCFG_Function
 .text.PINCFG_ResistorMode
                0x00002568       0x8c C:\ISEL\5 semestre\SE\Trabalho\Workspace\BH1750\Release\libBH1750.a(pinconfig.o)
                0x00002568                PINCFG_ResistorMode
 .text.PINCFG_OpenDrainMode
                0x000025f4       0x78 C:\ISEL\5 semestre\SE\Trabalho\Workspace\BH1750\Release\libBH1750.a(pinconfig.o)
                0x000025f4                PINCFG_OpenDrainMode
 .text.GetPCLKSEL
                0x0000266c       0x40 C:\ISEL\5 semestre\SE\Trabalho\Workspace\BH1750\Release\libBH1750.a(clockpower.o)
 .text.CLKPWR_GetPClk
                0x000026ac       0x60 C:\ISEL\5 semestre\SE\Trabalho\Workspace\BH1750\Release\libBH1750.a(clockpower.o)
                0x000026ac                CLKPWR_GetPClk
 .text.CLKPWR_SetPClk
                0x0000270c       0x90 C:\ISEL\5 semestre\SE\Trabalho\Workspace\BH1750\Release\libBH1750.a(clockpower.o)
                0x0000270c                CLKPWR_SetPClk
 .text.CLKPWR_ClockEnable
                0x0000279c       0x38 C:\ISEL\5 semestre\SE\Trabalho\Workspace\BH1750\Release\libBH1750.a(clockpower.o)
                0x0000279c                CLKPWR_ClockEnable
 .text.gpiordpin
                0x000027d4       0x58 C:\ISEL\5 semestre\SE\Trabalho\Workspace\HAL\Debug\libHAL.a(fgpio.o)
                0x000027d4                gpiordpin
 .text.iotype   0x0000282c       0xa0 C:\ISEL\5 semestre\SE\Trabalho\Workspace\HAL\Debug\libHAL.a(fgpio.o)
                0x0000282c                iotype
 .text.gpiodir  0x000028cc       0x70 C:\ISEL\5 semestre\SE\Trabalho\Workspace\HAL\Debug\libHAL.a(fgpio.o)
                0x000028cc                gpiodir
 .text.gpiowrbit
                0x0000293c       0x68 C:\ISEL\5 semestre\SE\Trabalho\Workspace\HAL\Debug\libHAL.a(fgpio.o)
                0x0000293c                gpiowrbit
 .text.RTC_Start
                0x000029a4       0x18 C:\ISEL\5 semestre\SE\Trabalho\Workspace\HAL\Debug\libHAL.a(rtchall.o)
                0x000029a4                RTC_Start
 .text.RTC_Stop
                0x000029bc       0x18 C:\ISEL\5 semestre\SE\Trabalho\Workspace\HAL\Debug\libHAL.a(rtchall.o)
                0x000029bc                RTC_Stop
 .text.RTC_HallInit
                0x000029d4       0x38 C:\ISEL\5 semestre\SE\Trabalho\Workspace\HAL\Debug\libHAL.a(rtchall.o)
                0x000029d4                RTC_HallInit
 .text.RTC_HallGetValue
                0x00002a0c       0x78 C:\ISEL\5 semestre\SE\Trabalho\Workspace\HAL\Debug\libHAL.a(rtchall.o)
                0x00002a0c                RTC_HallGetValue
 .text.RTC_HallSetValue
                0x00002a84       0x74 C:\ISEL\5 semestre\SE\Trabalho\Workspace\HAL\Debug\libHAL.a(rtchall.o)
                0x00002a84                RTC_HallSetValue
 .text.SPI_Init
                0x00002af8       0x84 C:\ISEL\5 semestre\SE\Trabalho\Workspace\HAL\Debug\libHAL.a(spi.o)
                0x00002af8                SPI_Init
 .text.SPI_Config
                0x00002b7c       0x8c C:\ISEL\5 semestre\SE\Trabalho\Workspace\HAL\Debug\libHAL.a(spi.o)
                0x00002b7c                SPI_Config
 .text.SPI_Transfer
                0x00002c08       0x90 C:\ISEL\5 semestre\SE\Trabalho\Workspace\HAL\Debug\libHAL.a(spi.o)
                0x00002c08                SPI_Transfer
 .text.NVIC_EnableIRQ
                0x00002c98       0x30 C:\ISEL\5 semestre\SE\Trabalho\Workspace\HAL\Debug\libHAL.a(timers.o)
 .text.NVIC_SetPriority
                0x00002cc8       0x54 C:\ISEL\5 semestre\SE\Trabalho\Workspace\HAL\Debug\libHAL.a(timers.o)
 .text.SysTick_Config
                0x00002d1c       0x44 C:\ISEL\5 semestre\SE\Trabalho\Workspace\HAL\Debug\libHAL.a(timers.o)
 .text.RIT_IRQACK
                0x00002d60       0x20 C:\ISEL\5 semestre\SE\Trabalho\Workspace\HAL\Debug\libHAL.a(timers.o)
                0x00002d60                RIT_IRQACK
 .text.Rep_timer_init
                0x00002d80       0x90 C:\ISEL\5 semestre\SE\Trabalho\Workspace\HAL\Debug\libHAL.a(timers.o)
                0x00002d80                Rep_timer_init
 .text.WAIT_Init
                0x00002e10       0x34 C:\ISEL\5 semestre\SE\Trabalho\Workspace\HAL\Debug\libHAL.a(timers.o)
                0x00002e10                WAIT_Init
 .text.SysTick_Handler
                0x00002e44       0x1c C:\ISEL\5 semestre\SE\Trabalho\Workspace\HAL\Debug\libHAL.a(timers.o)
                0x00002e44                SysTick_Handler
 .text.WAIT_GetElapsedMillis
                0x00002e60       0x20 C:\ISEL\5 semestre\SE\Trabalho\Workspace\HAL\Debug\libHAL.a(timers.o)
                0x00002e60                WAIT_GetElapsedMillis
 .text.WAIT_StopwatchInit
                0x00002e80       0x8c C:\ISEL\5 semestre\SE\Trabalho\Workspace\HAL\Debug\libHAL.a(timers.o)
                0x00002e80                WAIT_StopwatchInit
 .text.WAIT_Stopwatch
                0x00002f0c       0x6a C:\ISEL\5 semestre\SE\Trabalho\Workspace\HAL\Debug\libHAL.a(timers.o)
                0x00002f0c                WAIT_Stopwatch
 .text.TIMER0_IRQHandler
                0x00002f76        0xc C:\ISEL\5 semestre\SE\Trabalho\Workspace\HAL\Debug\libHAL.a(timers.o)
                0x00002f76                TIMER0_IRQHandler
 *fill*         0x00002f82        0x2 ff
 .text.SystemCoreClockUpdate
                0x00002f84       0xb8 C:\ISEL\5 semestre\SE\Trabalho\Workspace\CMSIS_CORE_LPC17xx\Debug\libCMSIS_CORE_LPC17xx.a(system_LPC17xx.o)
                0x00002f84                SystemCoreClockUpdate
 .text.SystemInit
                0x0000303c       0xd8 C:\ISEL\5 semestre\SE\Trabalho\Workspace\CMSIS_CORE_LPC17xx\Debug\libCMSIS_CORE_LPC17xx.a(system_LPC17xx.o)
                0x0000303c                SystemInit
 .text.__main   0x00003114        0xe c:/nxp/mcuxpressoide_11.6.0_8187/ide/plugins/com.nxp.mcuxpresso.tools.win32_11.6.0.202112161359/tools/bin/../lib/gcc/arm-none-eabi/10.3.1/../../../../arm-none-eabi/lib/thumb/v7-m/nofp\libcr_semihost.a(_cr__main.o)
                0x00003114                __CR_SEMIHOST
                0x00003114                __main
 .text.time     0x00003122        0xe c:/nxp/mcuxpressoide_11.6.0_8187/ide/plugins/com.nxp.mcuxpresso.tools.win32_11.6.0.202112161359/tools/bin/../lib/gcc/arm-none-eabi/10.3.1/../../../../arm-none-eabi/lib/thumb/v7-m/nofp\libcr_c.a(cr_time.o)
                0x00003122                time
 .text.fp_round
                0x00003130       0x4c c:/nxp/mcuxpressoide_11.6.0_8187/ide/plugins/com.nxp.mcuxpresso.tools.win32_11.6.0.202112161359/tools/bin/../lib/gcc/arm-none-eabi/10.3.1/../../../../arm-none-eabi/lib/thumb/v7-m/nofp\libcr_c.a(fpprintf.o)
 .text.pr_dec.constprop.0
                0x0000317c       0x26 c:/nxp/mcuxpressoide_11.6.0_8187/ide/plugins/com.nxp.mcuxpresso.tools.win32_11.6.0.202112161359/tools/bin/../lib/gcc/arm-none-eabi/10.3.1/../../../../arm-none-eabi/lib/thumb/v7-m/nofp\libcr_c.a(fpprintf.o)
 *fill*         0x000031a2        0x2 ff
 .text.sprintf  0x000031a4       0x6c c:/nxp/mcuxpressoide_11.6.0_8187/ide/plugins/com.nxp.mcuxpresso.tools.win32_11.6.0.202112161359/tools/bin/../lib/gcc/arm-none-eabi/10.3.1/../../../../arm-none-eabi/lib/thumb/v7-m/nofp\libcr_c.a(fpprintf.o)
                0x000031a4                sprintf
 .text.fp_display
                0x00003210      0x950 c:/nxp/mcuxpressoide_11.6.0_8187/ide/plugins/com.nxp.mcuxpresso.tools.win32_11.6.0.202112161359/tools/bin/../lib/gcc/arm-none-eabi/10.3.1/../../../../arm-none-eabi/lib/thumb/v7-m/nofp\libcr_c.a(fpprintf.o)
 .text.vsprintf
                0x00003b60       0x5c c:/nxp/mcuxpressoide_11.6.0_8187/ide/plugins/com.nxp.mcuxpresso.tools.win32_11.6.0.202112161359/tools/bin/../lib/gcc/arm-none-eabi/10.3.1/../../../../arm-none-eabi/lib/thumb/v7-m/nofp\libcr_c.a(fpprintf.o)
                0x00003b60                vsprintf
 .text._initio  0x00003bbc       0x78 c:/nxp/mcuxpressoide_11.6.0_8187/ide/plugins/com.nxp.mcuxpresso.tools.win32_11.6.0.202112161359/tools/bin/../lib/gcc/arm-none-eabi/10.3.1/../../../../arm-none-eabi/lib/thumb/v7-m/nofp\libcr_c.a(initio.o)
                0x00003bbc                _initio
 .text.__vfprintf
                0x00003c34      0xbe4 c:/nxp/mcuxpressoide_11.6.0_8187/ide/plugins/com.nxp.mcuxpresso.tools.win32_11.6.0.202112161359/tools/bin/../lib/gcc/arm-none-eabi/10.3.1/../../../../arm-none-eabi/lib/thumb/v7-m/nofp\libcr_c.a(printf.o)
                0x00003c34                __vfprintf
 .text.setvbuf  0x00004818       0x3e c:/nxp/mcuxpressoide_11.6.0_8187/ide/plugins/com.nxp.mcuxpresso.tools.win32_11.6.0.202112161359/tools/bin/../lib/gcc/arm-none-eabi/10.3.1/../../../../arm-none-eabi/lib/thumb/v7-m/nofp\libcr_c.a(setvbuf.o)
                0x00004818                setvbuf
 .text.strlen   0x00004856       0x48 c:/nxp/mcuxpressoide_11.6.0_8187/ide/plugins/com.nxp.mcuxpresso.tools.win32_11.6.0.202112161359/tools/bin/../lib/gcc/arm-none-eabi/10.3.1/../../../../arm-none-eabi/lib/thumb/v7-m/nofp\libcr_c.a(strlen.o)
                0x00004856                strlen
 .text.memset   0x0000489e        0x4 c:/nxp/mcuxpressoide_11.6.0_8187/ide/plugins/com.nxp.mcuxpresso.tools.win32_11.6.0.202112161359/tools/bin/../lib/gcc/arm-none-eabi/10.3.1/../../../../arm-none-eabi/lib/thumb/v7-m/nofp\libcr_c.a(memset.o)
                0x0000489e                memset
 .text._deferredlazyseek
                0x000048a2       0x40 c:/nxp/mcuxpressoide_11.6.0_8187/ide/plugins/com.nxp.mcuxpresso.tools.win32_11.6.0.202112161359/tools/bin/../lib/gcc/arm-none-eabi/10.3.1/../../../../arm-none-eabi/lib/thumb/v7-m/nofp\libcr_c.a(_deferredlazyseek.o)
                0x000048a2                _deferredlazyseek
 .text.__flsbuf
                0x000048e2      0x140 c:/nxp/mcuxpressoide_11.6.0_8187/ide/plugins/com.nxp.mcuxpresso.tools.win32_11.6.0.202112161359/tools/bin/../lib/gcc/arm-none-eabi/10.3.1/../../../../arm-none-eabi/lib/thumb/v7-m/nofp\libcr_c.a(_deferredlazyseek.o)
                0x000048e2                __flsbuf
 .text._fdopen  0x00004a22       0x68 c:/nxp/mcuxpressoide_11.6.0_8187/ide/plugins/com.nxp.mcuxpresso.tools.win32_11.6.0.202112161359/tools/bin/../lib/gcc/arm-none-eabi/10.3.1/../../../../arm-none-eabi/lib/thumb/v7-m/nofp\libcr_c.a(_fdopen.o)
                0x00004a22                _fdopen
 .text._fflush  0x00004a8a       0x52 c:/nxp/mcuxpressoide_11.6.0_8187/ide/plugins/com.nxp.mcuxpresso.tools.win32_11.6.0.202112161359/tools/bin/../lib/gcc/arm-none-eabi/10.3.1/../../../../arm-none-eabi/lib/thumb/v7-m/nofp\libcr_c.a(_fflush.o)
                0x00004a8a                _fflush
 .text._frexpl  0x00004adc       0x56 c:/nxp/mcuxpressoide_11.6.0_8187/ide/plugins/com.nxp.mcuxpresso.tools.win32_11.6.0.202112161359/tools/bin/../lib/gcc/arm-none-eabi/10.3.1/../../../../arm-none-eabi/lib/thumb/v7-m/nofp\libcr_c.a(_frexpl.o)
                0x00004adc                _frexpl
 *fill*         0x00004b32        0x2 ff
 .text._ldexpl  0x00004b34       0x48 c:/nxp/mcuxpressoide_11.6.0_8187/ide/plugins/com.nxp.mcuxpresso.tools.win32_11.6.0.202112161359/tools/bin/../lib/gcc/arm-none-eabi/10.3.1/../../../../arm-none-eabi/lib/thumb/v7-m/nofp\libcr_c.a(_ldexpl.o)
                0x00004b34                _ldexpl
 .text._Cwritebuf
                0x00004b7c       0x6c c:/nxp/mcuxpressoide_11.6.0_8187/ide/plugins/com.nxp.mcuxpresso.tools.win32_11.6.0.202112161359/tools/bin/../lib/gcc/arm-none-eabi/10.3.1/../../../../arm-none-eabi/lib/thumb/v7-m/nofp\libcr_c.a(_writebuf.o)
                0x00004b7c                _Cwritebuf
 .text.malloc   0x00004be8       0xc8 c:/nxp/mcuxpressoide_11.6.0_8187/ide/plugins/com.nxp.mcuxpresso.tools.win32_11.6.0.202112161359/tools/bin/../lib/gcc/arm-none-eabi/10.3.1/../../../../arm-none-eabi/lib/thumb/v7-m/nofp\libcr_c.a(alloc.o)
                0x00004be8                malloc
 .text.free     0x00004cb0       0x30 c:/nxp/mcuxpressoide_11.6.0_8187/ide/plugins/com.nxp.mcuxpresso.tools.win32_11.6.0.202112161359/tools/bin/../lib/gcc/arm-none-eabi/10.3.1/../../../../arm-none-eabi/lib/thumb/v7-m/nofp\libcr_c.a(alloc.o)
                0x00004cb0                free
 .text._Csys_alloc
                0x00004ce0       0x20 c:/nxp/mcuxpressoide_11.6.0_8187/ide/plugins/com.nxp.mcuxpresso.tools.win32_11.6.0.202112161359/tools/bin/../lib/gcc/arm-none-eabi/10.3.1/../../../../arm-none-eabi/lib/thumb/v7-m/nofp\libcr_c.a(alloc.o)
                0x00004ce0                _Csys_alloc
 .text.fclose   0x00004d00       0x58 c:/nxp/mcuxpressoide_11.6.0_8187/ide/plugins/com.nxp.mcuxpresso.tools.win32_11.6.0.202112161359/tools/bin/../lib/gcc/arm-none-eabi/10.3.1/../../../../arm-none-eabi/lib/thumb/v7-m/nofp\libcr_c.a(fclose.o)
                0x00004d00                fclose
 .text.fflush   0x00004d58       0x3c c:/nxp/mcuxpressoide_11.6.0_8187/ide/plugins/com.nxp.mcuxpresso.tools.win32_11.6.0.202112161359/tools/bin/../lib/gcc/arm-none-eabi/10.3.1/../../../../arm-none-eabi/lib/thumb/v7-m/nofp\libcr_c.a(fflush.o)
                0x00004d58                fflush
 .text.fseek    0x00004d94       0xfc c:/nxp/mcuxpressoide_11.6.0_8187/ide/plugins/com.nxp.mcuxpresso.tools.win32_11.6.0.202112161359/tools/bin/../lib/gcc/arm-none-eabi/10.3.1/../../../../arm-none-eabi/lib/thumb/v7-m/nofp\libcr_c.a(fseek.o)
                0x00004d94                fseek
 .text.ftell    0x00004e90       0x44 c:/nxp/mcuxpressoide_11.6.0_8187/ide/plugins/com.nxp.mcuxpresso.tools.win32_11.6.0.202112161359/tools/bin/../lib/gcc/arm-none-eabi/10.3.1/../../../../arm-none-eabi/lib/thumb/v7-m/nofp\libcr_c.a(ftell.o)
                0x00004e90                ftell
 .text.remove   0x00004ed4       0x14 c:/nxp/mcuxpressoide_11.6.0_8187/ide/plugins/com.nxp.mcuxpresso.tools.win32_11.6.0.202112161359/tools/bin/../lib/gcc/arm-none-eabi/10.3.1/../../../../arm-none-eabi/lib/thumb/v7-m/nofp\libcr_c.a(remove.o)
                0x00004ed4                remove
 .text._sbrk    0x00004ee8       0x3c c:/nxp/mcuxpressoide_11.6.0_8187/ide/plugins/com.nxp.mcuxpresso.tools.win32_11.6.0.202112161359/tools/bin/../lib/gcc/arm-none-eabi/10.3.1/../../../../arm-none-eabi/lib/thumb/v7-m/nofp\libcr_c.a(_cr_sbrk.o)
                0x00004ee8                _sbrk
 .text._do_fflush
                0x00004f24       0x40 c:/nxp/mcuxpressoide_11.6.0_8187/ide/plugins/com.nxp.mcuxpresso.tools.win32_11.6.0.202112161359/tools/bin/../lib/gcc/arm-none-eabi/10.3.1/../../../../arm-none-eabi/lib/thumb/v7-m/nofp\libcr_c.a(_do_fflush.o)
                0x00004f24                _do_fflush
 .text.__check_heap_overflow
                0x00004f64       0x14 c:/nxp/mcuxpressoide_11.6.0_8187/ide/plugins/com.nxp.mcuxpresso.tools.win32_11.6.0.202112161359/tools/bin/../lib/gcc/arm-none-eabi/10.3.1/../../../../arm-none-eabi/lib/thumb/v7-m/nofp\libcr_c.a(_cr_check_heap.o)
                0x00004f64                __check_heap_overflow
 .text.__aeabi_division_uldivmod
                0x00004f78      0x174 c:/nxp/mcuxpressoide_11.6.0_8187/ide/plugins/com.nxp.mcuxpresso.tools.win32_11.6.0.202112161359/tools/bin/../lib/gcc/arm-none-eabi/10.3.1/thumb/v7-m/nofp\libcr_eabihelpers.a(division_64.o)
                0x00004f78                __aeabi_uldivmod
                0x00004f7c                __bhs_ldivmod1
 .text.__aeabi_division_idiv0
                0x000050ec        0x2 c:/nxp/mcuxpressoide_11.6.0_8187/ide/plugins/com.nxp.mcuxpresso.tools.win32_11.6.0.202112161359/tools/bin/../lib/gcc/arm-none-eabi/10.3.1/thumb/v7-m/nofp\libcr_eabihelpers.a(division_idiv0.o)
                0x000050ec                __aeabi_idiv0
 *fill*         0x000050ee        0x2 ff
 .text.__aeabi_dmul
                0x000050f0       0xfc c:/nxp/mcuxpressoide_11.6.0_8187/ide/plugins/com.nxp.mcuxpresso.tools.win32_11.6.0.202112161359/tools/bin/../lib/gcc/arm-none-eabi/10.3.1/thumb/v7-m/nofp\libcr_eabihelpers.a(double.o)
                0x000050f0                __aeabi_dmul
 .text.__aeabi_ddiv
                0x000051ec      0x134 c:/nxp/mcuxpressoide_11.6.0_8187/ide/plugins/com.nxp.mcuxpresso.tools.win32_11.6.0.202112161359/tools/bin/../lib/gcc/arm-none-eabi/10.3.1/thumb/v7-m/nofp\libcr_eabihelpers.a(double.o)
                0x000051ec                __aeabi_ddiv
 .text.__aeabi_dsub
                0x00005320      0x1ac c:/nxp/mcuxpressoide_11.6.0_8187/ide/plugins/com.nxp.mcuxpresso.tools.win32_11.6.0.202112161359/tools/bin/../lib/gcc/arm-none-eabi/10.3.1/thumb/v7-m/nofp\libcr_eabihelpers.a(double.o)
                0x00005320                __aeabi_dsub
 .text.__aeabi_dadd
                0x000054cc      0x110 c:/nxp/mcuxpressoide_11.6.0_8187/ide/plugins/com.nxp.mcuxpresso.tools.win32_11.6.0.202112161359/tools/bin/../lib/gcc/arm-none-eabi/10.3.1/thumb/v7-m/nofp\libcr_eabihelpers.a(double.o)
                0x000054cc                __aeabi_dadd
 .text.__aeabi_d2iz
                0x000055dc       0x42 c:/nxp/mcuxpressoide_11.6.0_8187/ide/plugins/com.nxp.mcuxpresso.tools.win32_11.6.0.202112161359/tools/bin/../lib/gcc/arm-none-eabi/10.3.1/thumb/v7-m/nofp\libcr_eabihelpers.a(double.o)
                0x000055dc                __aeabi_d2iz
 .text.__bhs_ui2d
                0x0000561e       0x46 c:/nxp/mcuxpressoide_11.6.0_8187/ide/plugins/com.nxp.mcuxpresso.tools.win32_11.6.0.202112161359/tools/bin/../lib/gcc/arm-none-eabi/10.3.1/thumb/v7-m/nofp\libcr_eabihelpers.a(double.o)
                0x0000561e                __bhs_ui2d
 .text.__aeabi_i2d
                0x00005664       0x12 c:/nxp/mcuxpressoide_11.6.0_8187/ide/plugins/com.nxp.mcuxpresso.tools.win32_11.6.0.202112161359/tools/bin/../lib/gcc/arm-none-eabi/10.3.1/thumb/v7-m/nofp\libcr_eabihelpers.a(double.o)
                0x00005664                __aeabi_i2d
 .text.__aeabi_dcmpeq
                0x00005676       0x3c c:/nxp/mcuxpressoide_11.6.0_8187/ide/plugins/com.nxp.mcuxpresso.tools.win32_11.6.0.202112161359/tools/bin/../lib/gcc/arm-none-eabi/10.3.1/thumb/v7-m/nofp\libcr_eabihelpers.a(double.o)
                0x00005676                __aeabi_dcmpeq
 .text.__aeabi_dcmplt
                0x000056b2       0x58 c:/nxp/mcuxpressoide_11.6.0_8187/ide/plugins/com.nxp.mcuxpresso.tools.win32_11.6.0.202112161359/tools/bin/../lib/gcc/arm-none-eabi/10.3.1/thumb/v7-m/nofp\libcr_eabihelpers.a(double.o)
                0x000056b2                __aeabi_dcmplt
 .text.__aeabi_dcmple
                0x0000570a       0x62 c:/nxp/mcuxpressoide_11.6.0_8187/ide/plugins/com.nxp.mcuxpresso.tools.win32_11.6.0.202112161359/tools/bin/../lib/gcc/arm-none-eabi/10.3.1/thumb/v7-m/nofp\libcr_eabihelpers.a(double.o)
                0x0000570a                __aeabi_dcmple
 .text.__aeabi_dcmpge
                0x0000576c       0x62 c:/nxp/mcuxpressoide_11.6.0_8187/ide/plugins/com.nxp.mcuxpresso.tools.win32_11.6.0.202112161359/tools/bin/../lib/gcc/arm-none-eabi/10.3.1/thumb/v7-m/nofp\libcr_eabihelpers.a(double.o)
                0x0000576c                __aeabi_dcmpge
 *fill*         0x000057ce        0x2 ff
 .text.__aeabi_fmul
                0x000057d0       0xac c:/nxp/mcuxpressoide_11.6.0_8187/ide/plugins/com.nxp.mcuxpresso.tools.win32_11.6.0.202112161359/tools/bin/../lib/gcc/arm-none-eabi/10.3.1/thumb/v7-m/nofp\libcr_eabihelpers.a(float.o)
                0x000057d0                __aeabi_fmul
 .text.__aeabi_fdiv
                0x0000587c       0xbc c:/nxp/mcuxpressoide_11.6.0_8187/ide/plugins/com.nxp.mcuxpresso.tools.win32_11.6.0.202112161359/tools/bin/../lib/gcc/arm-none-eabi/10.3.1/thumb/v7-m/nofp\libcr_eabihelpers.a(float.o)
                0x0000587c                __aeabi_fdiv
 .text.__aeabi_f2uiz
                0x00005938       0x28 c:/nxp/mcuxpressoide_11.6.0_8187/ide/plugins/com.nxp.mcuxpresso.tools.win32_11.6.0.202112161359/tools/bin/../lib/gcc/arm-none-eabi/10.3.1/thumb/v7-m/nofp\libcr_eabihelpers.a(float.o)
                0x00005938                __aeabi_f2uiz
 .text.__bhs_ui2f
                0x00005960       0x26 c:/nxp/mcuxpressoide_11.6.0_8187/ide/plugins/com.nxp.mcuxpresso.tools.win32_11.6.0.202112161359/tools/bin/../lib/gcc/arm-none-eabi/10.3.1/thumb/v7-m/nofp\libcr_eabihelpers.a(float.o)
                0x00005960                __bhs_ui2f
 .text.__aeabi_i2f
                0x00005986       0x12 c:/nxp/mcuxpressoide_11.6.0_8187/ide/plugins/com.nxp.mcuxpresso.tools.win32_11.6.0.202112161359/tools/bin/../lib/gcc/arm-none-eabi/10.3.1/thumb/v7-m/nofp\libcr_eabihelpers.a(float.o)
                0x00005986                __aeabi_i2f
 .text.__aeabi_ui2f
                0x00005998        0x8 c:/nxp/mcuxpressoide_11.6.0_8187/ide/plugins/com.nxp.mcuxpresso.tools.win32_11.6.0.202112161359/tools/bin/../lib/gcc/arm-none-eabi/10.3.1/thumb/v7-m/nofp\libcr_eabihelpers.a(float.o)
                0x00005998                __aeabi_ui2f
 .text.__aeabi_fcmpeq
                0x000059a0       0x1e c:/nxp/mcuxpressoide_11.6.0_8187/ide/plugins/com.nxp.mcuxpresso.tools.win32_11.6.0.202112161359/tools/bin/../lib/gcc/arm-none-eabi/10.3.1/thumb/v7-m/nofp\libcr_eabihelpers.a(float.o)
                0x000059a0                __aeabi_fcmpeq
 .text.__aeabi_memset_lowlevel
                0x000059be       0x32 c:/nxp/mcuxpressoide_11.6.0_8187/ide/plugins/com.nxp.mcuxpresso.tools.win32_11.6.0.202112161359/tools/bin/../lib/gcc/arm-none-eabi/10.3.1/thumb/v7-m/nofp\libcr_eabihelpers.a(memcpy.o)
                0x000059be                __aeabi_lowlevel_memset
 .text.__sys_appexit
                0x000059f0        0xc c:/nxp/mcuxpressoide_11.6.0_8187/ide/plugins/com.nxp.mcuxpresso.tools.win32_11.6.0.202112161359/tools/bin/../lib/gcc/arm-none-eabi/10.3.1/../../../../arm-none-eabi/lib/thumb/v7-m/nofp\libcr_semihost.a(__sys_appexit.o)
                0x000059f0                __sys_appexit
                0x000059f0                __exit
 .text.__sys_close
                0x000059fc        0xc c:/nxp/mcuxpressoide_11.6.0_8187/ide/plugins/com.nxp.mcuxpresso.tools.win32_11.6.0.202112161359/tools/bin/../lib/gcc/arm-none-eabi/10.3.1/../../../../arm-none-eabi/lib/thumb/v7-m/nofp\libcr_semihost.a(__sys_close.o)
                0x000059fc                __sys_close
 .text.__sys_flen
                0x00005a08        0xc c:/nxp/mcuxpressoide_11.6.0_8187/ide/plugins/com.nxp.mcuxpresso.tools.win32_11.6.0.202112161359/tools/bin/../lib/gcc/arm-none-eabi/10.3.1/../../../../arm-none-eabi/lib/thumb/v7-m/nofp\libcr_semihost.a(__sys_flen.o)
                0x00005a08                __sys_flen
 .text.__sys_istty
                0x00005a14        0xc c:/nxp/mcuxpressoide_11.6.0_8187/ide/plugins/com.nxp.mcuxpresso.tools.win32_11.6.0.202112161359/tools/bin/../lib/gcc/arm-none-eabi/10.3.1/../../../../arm-none-eabi/lib/thumb/v7-m/nofp\libcr_semihost.a(__sys_istty.o)
                0x00005a14                __sys_istty
 .text.__sys_remove
                0x00005a20        0xc c:/nxp/mcuxpressoide_11.6.0_8187/ide/plugins/com.nxp.mcuxpresso.tools.win32_11.6.0.202112161359/tools/bin/../lib/gcc/arm-none-eabi/10.3.1/../../../../arm-none-eabi/lib/thumb/v7-m/nofp\libcr_semihost.a(__sys_remove.o)
                0x00005a20                __sys_remove
 .text.__sys_seek
                0x00005a2c        0xc c:/nxp/mcuxpressoide_11.6.0_8187/ide/plugins/com.nxp.mcuxpresso.tools.win32_11.6.0.202112161359/tools/bin/../lib/gcc/arm-none-eabi/10.3.1/../../../../arm-none-eabi/lib/thumb/v7-m/nofp\libcr_semihost.a(__sys_seek.o)
                0x00005a2c                __sys_seek
 .text.__sys_time
                0x00005a38        0x6 c:/nxp/mcuxpressoide_11.6.0_8187/ide/plugins/com.nxp.mcuxpresso.tools.win32_11.6.0.202112161359/tools/bin/../lib/gcc/arm-none-eabi/10.3.1/../../../../arm-none-eabi/lib/thumb/v7-m/nofp\libcr_semihost.a(__sys_time.o)
                0x00005a38                __sys_time
 .text.__sys_tmpnam
                0x00005a3e        0xc c:/nxp/mcuxpressoide_11.6.0_8187/ide/plugins/com.nxp.mcuxpresso.tools.win32_11.6.0.202112161359/tools/bin/../lib/gcc/arm-none-eabi/10.3.1/../../../../arm-none-eabi/lib/thumb/v7-m/nofp\libcr_semihost.a(__sys_tmpnam.o)
                0x00005a3e                __sys_tmpnam
 .text.__sys_write
                0x00005a4a        0xc c:/nxp/mcuxpressoide_11.6.0_8187/ide/plugins/com.nxp.mcuxpresso.tools.win32_11.6.0.202112161359/tools/bin/../lib/gcc/arm-none-eabi/10.3.1/../../../../arm-none-eabi/lib/thumb/v7-m/nofp\libcr_semihost.a(__sys_write.o)
                0x00005a4a                __sys_write
 *(.rodata .rodata.* .constdata .constdata.*)
 *fill*         0x00005a56        0x2 ff
 .rodata.setLight.str1.4
                0x00005a58       0x1c ./src/modos.o
 .rodata.showReg.str1.4
                0x00005a74       0x2d ./src/modos.o
 *fill*         0x00005aa1        0x3 ff
 .rodata.readReg.str1.4
                0x00005aa4       0x16 ./src/modos.o
 *fill*         0x00005aba        0x2 ff
 .rodata.clearReg.str1.4
                0x00005abc       0x10 ./src/modos.o
                                 0x13 (size before relaxing)
 .rodata        0x00005acc       0x24 ./src/modos.o
 .rodata.modoNormal.str1.4
                0x00005af0       0x23 ./src/modos.o
 *fill*         0x00005b13        0x1 ff
 .rodata.modoManutencao.str1.4
                0x00005b14       0x89 ./src/modos.o
 *fill*         0x00005b9d        0x3 ff
 .rodata.textoCal.str1.4
                0x00005ba0        0x3 ./src/util.o
                                 0x1f (size before relaxing)
 *fill*         0x00005ba3        0x1 ff
 .rodata        0x00005ba4       0x1c ./src/util.o
 .rodata.setDate.str1.4
                0x00005bc0       0x11 ./src/util.o
 .rodata.textoRel.str1.4
                0x00005bd1        0xf ./src/util.o
 *fill*         0x00005bd1        0x3 ff
 .rodata.setRelogio.str1.4
                0x00005bd4        0xd ./src/util.o
 .rodata.fp_display.str1.1
                0x00005be1       0x34 c:/nxp/mcuxpressoide_11.6.0_8187/ide/plugins/com.nxp.mcuxpresso.tools.win32_11.6.0.202112161359/tools/bin/../lib/gcc/arm-none-eabi/10.3.1/../../../../arm-none-eabi/lib/thumb/v7-m/nofp\libcr_c.a(fpprintf.o)
                                 0x35 (size before relaxing)
 .rodata._initio.str1.1
                0x00005c15        0x4 c:/nxp/mcuxpressoide_11.6.0_8187/ide/plugins/com.nxp.mcuxpresso.tools.win32_11.6.0.202112161359/tools/bin/../lib/gcc/arm-none-eabi/10.3.1/../../../../arm-none-eabi/lib/thumb/v7-m/nofp\libcr_c.a(initio.o)
 .rodata.__vfprintf.str1.1
                0x00005c19       0x31 c:/nxp/mcuxpressoide_11.6.0_8187/ide/plugins/com.nxp.mcuxpresso.tools.win32_11.6.0.202112161359/tools/bin/../lib/gcc/arm-none-eabi/10.3.1/../../../../arm-none-eabi/lib/thumb/v7-m/nofp\libcr_c.a(printf.o)
                                 0x38 (size before relaxing)
 .rodata._Csys_alloc.str1.1
                0x00005c4a       0x18 c:/nxp/mcuxpressoide_11.6.0_8187/ide/plugins/com.nxp.mcuxpresso.tools.win32_11.6.0.202112161359/tools/bin/../lib/gcc/arm-none-eabi/10.3.1/../../../../arm-none-eabi/lib/thumb/v7-m/nofp\libcr_c.a(alloc.o)
 *fill*         0x00005c62        0x2 ff
 .rodata.__num_Ciob_streams
                0x00005c64        0x4 c:/nxp/mcuxpressoide_11.6.0_8187/ide/plugins/com.nxp.mcuxpresso.tools.win32_11.6.0.202112161359/tools/bin/../lib/gcc/arm-none-eabi/10.3.1/../../../../arm-none-eabi/lib/thumb/v7-m/nofp\libcr_semihost.a(__ciob.o)
                0x00005c64                __num_Ciob_streams
                0x00005c68                . = ALIGN (0x4)

.glue_7         0x00005c68        0x0
 .glue_7        0x00005c68        0x0 linker stubs

.glue_7t        0x00005c68        0x0
 .glue_7t       0x00005c68        0x0 linker stubs

.vfp11_veneer   0x00005c68        0x0
 .vfp11_veneer  0x00005c68        0x0 linker stubs

.v4_bx          0x00005c68        0x0
 .v4_bx         0x00005c68        0x0 linker stubs

.iplt           0x00005c68        0x0
 .iplt          0x00005c68        0x0 ./src/Projeto.o

.rel.dyn        0x00005c68        0x0
 .rel.iplt      0x00005c68        0x0 ./src/Projeto.o

.ARM.extab
 *(.ARM.extab* .gnu.linkonce.armextab.*)

.ARM.exidx      0x00005c68        0x0
                0x00005c68                __exidx_start = .
 *(.ARM.exidx* .gnu.linkonce.armexidx.*)
                0x00005c68                __exidx_end = .
                0x00005c68                _etext = .

.data_RAM2      0x2007c000        0x0 load address 0x00005c68
 FILL mask 0xff
                [!provide]                PROVIDE (__start_data_RAM2 = .)
                [!provide]                PROVIDE (__start_data_RamAHB32 = .)
 *(.ramfunc.$RAM2)
 *(.ramfunc.$RamAHB32)
 *(.data.$RAM2)
 *(.data.$RamAHB32)
 *(.data.$RAM2.*)
 *(.data.$RamAHB32.*)
                0x2007c000                . = ALIGN (0x4)
                [!provide]                PROVIDE (__end_data_RAM2 = .)
                [!provide]                PROVIDE (__end_data_RamAHB32 = .)

.uninit_RESERVED
                0x10000000        0x0
                0x10000000                _start_uninit_RESERVED = .
 *(.bss.$RESERVED*)
                0x10000000                . = ALIGN (0x4)
                0x10000000                _end_uninit_RESERVED = .

.data           0x10000000        0x8 load address 0x00005c68
 FILL mask 0xff
                0x10000000                _data = .
                [!provide]                PROVIDE (__start_data_RAM = .)
                [!provide]                PROVIDE (__start_data_RamLoc32 = .)
 *(vtable)
 *(.ramfunc*)
 *(CodeQuickAccess)
 *(DataQuickAccess)
 *(RamFunction)
 *(.data*)
 .data.state    0x10000000        0x4 C:\ISEL\5 semestre\SE\Trabalho\Workspace\BH1750\Release\libBH1750.a(i2c.o)
 .data.SystemCoreClock
                0x10000004        0x4 C:\ISEL\5 semestre\SE\Trabalho\Workspace\CMSIS_CORE_LPC17xx\Debug\libCMSIS_CORE_LPC17xx.a(system_LPC17xx.o)
                0x10000004                SystemCoreClock
                0x10000008                . = ALIGN (0x4)
                0x10000008                _edata = .
                [!provide]                PROVIDE (__end_data_RAM = .)
                [!provide]                PROVIDE (__end_data_RamLoc32 = .)

.igot.plt       0x10000008        0x0 load address 0x00005c70
 .igot.plt      0x10000008        0x0 ./src/Projeto.o

.bss_RAM2       0x2007c000        0x0
                [!provide]                PROVIDE (__start_bss_RAM2 = .)
                [!provide]                PROVIDE (__start_bss_RamAHB32 = .)
 *(.bss.$RAM2)
 *(.bss.$RamAHB32)
 *(.bss.$RAM2.*)
 *(.bss.$RamAHB32.*)
                0x2007c000                . = ALIGN ((. != 0x0)?0x4:0x1)
                [!provide]                PROVIDE (__end_bss_RAM2 = .)
                [!provide]                PROVIDE (__end_bss_RamAHB32 = .)

.bss            0x10000008      0x238
                0x10000008                _bss = .
                [!provide]                PROVIDE (__start_bss_RAM = .)
                [!provide]                PROVIDE (__start_bss_RamLoc32 = .)
 *(.bss*)
 .bss.light     0x10000008        0x2 ./src/modos.o
 .bss.sensorlight
                0x1000000a        0x2 ./src/modos.o
 .bss.blink     0x1000000c        0x4 ./src/util.o
 .bss.blinkTog  0x10000010        0x1 ./src/util.o
 *fill*         0x10000011        0x3 
 .bss.cursor    0x10000014        0x4 ./src/util.o
 .bss.state     0x10000018        0x4 ./src/util.o
 .bss.rotacao   0x1000001c        0x4 C:\ISEL\5 semestre\SE\Trabalho\Workspace\DRIVERS\Debug\libDRIVERS.a(encoder.o)
 .bss.last_state
                0x10000020        0x4 C:\ISEL\5 semestre\SE\Trabalho\Workspace\DRIVERS\Debug\libDRIVERS.a(encoder.o)
 .bss.state_button
                0x10000024        0x1 C:\ISEL\5 semestre\SE\Trabalho\Workspace\DRIVERS\Debug\libDRIVERS.a(encoder.o)
 .bss.state_button_utilizador
                0x10000025        0x1 C:\ISEL\5 semestre\SE\Trabalho\Workspace\DRIVERS\Debug\libDRIVERS.a(encoder.o)
 *fill*         0x10000026        0x2 
 .bss.button_time
                0x10000028        0x4 C:\ISEL\5 semestre\SE\Trabalho\Workspace\DRIVERS\Debug\libDRIVERS.a(encoder.o)
 .bss.measurementTime
                0x1000002c        0x1 C:\ISEL\5 semestre\SE\Trabalho\Workspace\BH1750\Release\libBH1750.a(bh1750.o)
 .bss.mode      0x1000002d        0x1 C:\ISEL\5 semestre\SE\Trabalho\Workspace\BH1750\Release\libBH1750.a(bh1750.o)
 *fill*         0x1000002e        0x2 
 .bss.lastReadTimestamp
                0x10000030        0x4 C:\ISEL\5 semestre\SE\Trabalho\Workspace\BH1750\Release\libBH1750.a(bh1750.o)
 .bss.timeout   0x10000034        0x4 C:\ISEL\5 semestre\SE\Trabalho\Workspace\BH1750\Release\libBH1750.a(i2c.o)
 .bss.I2CMasterBuffer
                0x10000038        0x4 C:\ISEL\5 semestre\SE\Trabalho\Workspace\BH1750\Release\libBH1750.a(i2c.o)
                0x10000038                I2CMasterBuffer
 .bss.I2CSlaveBuffer
                0x1000003c        0x4 C:\ISEL\5 semestre\SE\Trabalho\Workspace\BH1750\Release\libBH1750.a(i2c.o)
                0x1000003c                I2CSlaveBuffer
 .bss.I2CReadLength
                0x10000040        0x4 C:\ISEL\5 semestre\SE\Trabalho\Workspace\BH1750\Release\libBH1750.a(i2c.o)
                0x10000040                I2CReadLength
 .bss.I2CWriteLength
                0x10000044        0x4 C:\ISEL\5 semestre\SE\Trabalho\Workspace\BH1750\Release\libBH1750.a(i2c.o)
                0x10000044                I2CWriteLength
 .bss.rdIndex   0x10000048        0x4 C:\ISEL\5 semestre\SE\Trabalho\Workspace\BH1750\Release\libBH1750.a(i2c.o)
 .bss.wrIndex   0x1000004c        0x4 C:\ISEL\5 semestre\SE\Trabalho\Workspace\BH1750\Release\libBH1750.a(i2c.o)
 .bss.__ms      0x10000050        0x4 C:\ISEL\5 semestre\SE\Trabalho\Workspace\HAL\Debug\libHAL.a(timers.o)
 .bss.errno     0x10000054        0x4 c:/nxp/mcuxpressoide_11.6.0_8187/ide/plugins/com.nxp.mcuxpresso.tools.win32_11.6.0.202112161359/tools/bin/../lib/gcc/arm-none-eabi/10.3.1/../../../../arm-none-eabi/lib/thumb/v7-m/nofp\libcr_c.a(errno.o)
                0x10000054                errno
 .bss.__end_of_heap
                0x10000058        0x4 c:/nxp/mcuxpressoide_11.6.0_8187/ide/plugins/com.nxp.mcuxpresso.tools.win32_11.6.0.202112161359/tools/bin/../lib/gcc/arm-none-eabi/10.3.1/../../../../arm-none-eabi/lib/thumb/v7-m/nofp\libcr_c.a(__init_alloc.o)
                0x10000058                __end_of_heap
 .bss.__heaps   0x1000005c        0x4 c:/nxp/mcuxpressoide_11.6.0_8187/ide/plugins/com.nxp.mcuxpresso.tools.win32_11.6.0.202112161359/tools/bin/../lib/gcc/arm-none-eabi/10.3.1/../../../../arm-none-eabi/lib/thumb/v7-m/nofp\libcr_c.a(__init_alloc.o)
                0x1000005c                __heaps
 .bss.__Ciob    0x10000060      0x1e0 c:/nxp/mcuxpressoide_11.6.0_8187/ide/plugins/com.nxp.mcuxpresso.tools.win32_11.6.0.202112161359/tools/bin/../lib/gcc/arm-none-eabi/10.3.1/../../../../arm-none-eabi/lib/thumb/v7-m/nofp\libcr_semihost.a(__ciob.o)
                0x10000060                __Ciob
 *(COMMON)
                0x10000240                . = ALIGN (0x4)
                0x10000240                _ebss = .
                [!provide]                PROVIDE (__end_bss_RAM = .)
                [!provide]                PROVIDE (__end_bss_RamLoc32 = .)
                [!provide]                PROVIDE (end = .)

.noinit_RAM2    0x2007c000        0x0
                [!provide]                PROVIDE (__start_noinit_RAM2 = .)
                [!provide]                PROVIDE (__start_noinit_RamAHB32 = .)
 *(.noinit.$RAM2)
 *(.noinit.$RamAHB32)
 *(.noinit.$RAM2.*)
 *(.noinit.$RamAHB32.*)
                0x2007c000                . = ALIGN (0x4)
                [!provide]                PROVIDE (__end_noinit_RAM2 = .)
                [!provide]                PROVIDE (__end_noinit_RamAHB32 = .)

.noinit         0x10000240        0x0
                0x10000240                _noinit = .
                [!provide]                PROVIDE (__start_noinit_RAM = .)
                [!provide]                PROVIDE (__start_noinit_RamLoc32 = .)
 *(.noinit*)
                0x10000240                . = ALIGN (0x4)
                0x10000240                _end_noinit = .
                [!provide]                PROVIDE (__end_noinit_RAM = .)
                [!provide]                PROVIDE (__end_noinit_RamLoc32 = .)
                0x10000240                PROVIDE (_pvHeapStart = DEFINED (__user_heap_base)?__user_heap_base:.)
                0x10008000                PROVIDE (_vStackTop = DEFINED (__user_stack_top)?__user_stack_top:(__top_RamLoc32 - 0x0))
                0xefff74c6                PROVIDE (__valid_user_code_checksum = (0x0 - ((((((_vStackTop + (ResetISR + 0x1)) + (NMI_Handler + 0x1)) + (HardFault_Handler + 0x1)) + (DEFINED (MemManage_Handler)?MemManage_Handler:0x0 + 0x1)) + (DEFINED (BusFault_Handler)?BusFault_Handler:0x0 + 0x1)) + (DEFINED (UsageFault_Handler)?UsageFault_Handler:0x0 + 0x1))))
                0x00000000                _image_start = LOADADDR (.text)
                0x00005c70                _image_end = (LOADADDR (.data) + SIZEOF (.data))
                0x00005c70                _image_size = (_image_end - _image_start)
OUTPUT(Projeto.axf elf32-littlearm)
LOAD linker stubs

.debug_info     0x00000000     0x3c0c
 .debug_info    0x00000000      0x183 ./src/Projeto.o
 .debug_info    0x00000183      0x27f ./src/cr_startup_lpc175x_6x.o
 .debug_info    0x00000402       0x40 ./src/crp.o
 .debug_info    0x00000442      0x55b ./src/modos.o
 .debug_info    0x0000099d      0x315 ./src/util.o
 .debug_info    0x00000cb2      0x298 C:\ISEL\5 semestre\SE\Trabalho\Workspace\DRIVERS\Debug\libDRIVERS.a(display.o)
 .debug_info    0x00000f4a      0x4fe C:\ISEL\5 semestre\SE\Trabalho\Workspace\DRIVERS\Debug\libDRIVERS.a(eeprom.o)
 .debug_info    0x00001448      0x231 C:\ISEL\5 semestre\SE\Trabalho\Workspace\DRIVERS\Debug\libDRIVERS.a(encoder.o)
 .debug_info    0x00001679       0xe5 C:\ISEL\5 semestre\SE\Trabalho\Workspace\DRIVERS\Debug\libDRIVERS.a(led.o)
 .debug_info    0x0000175e       0x9f C:\ISEL\5 semestre\SE\Trabalho\Workspace\DRIVERS\Debug\libDRIVERS.a(pir.o)
 .debug_info    0x000017fd      0x18b C:\ISEL\5 semestre\SE\Trabalho\Workspace\DRIVERS\Debug\libDRIVERS.a(rtc.o)
 .debug_info    0x00001988      0x8f2 C:\ISEL\5 semestre\SE\Trabalho\Workspace\HAL\Debug\libHAL.a(fgpio.o)
 .debug_info    0x0000227a      0x730 C:\ISEL\5 semestre\SE\Trabalho\Workspace\HAL\Debug\libHAL.a(rtchall.o)
 .debug_info    0x000029aa      0x471 C:\ISEL\5 semestre\SE\Trabalho\Workspace\HAL\Debug\libHAL.a(spi.o)
 .debug_info    0x00002e1b      0xaaa C:\ISEL\5 semestre\SE\Trabalho\Workspace\HAL\Debug\libHAL.a(timers.o)
 .debug_info    0x000038c5      0x347 C:\ISEL\5 semestre\SE\Trabalho\Workspace\CMSIS_CORE_LPC17xx\Debug\libCMSIS_CORE_LPC17xx.a(system_LPC17xx.o)

.debug_abbrev   0x00000000     0x10e2
 .debug_abbrev  0x00000000       0xd8 ./src/Projeto.o
 .debug_abbrev  0x000000d8      0x122 ./src/cr_startup_lpc175x_6x.o
 .debug_abbrev  0x000001fa       0x38 ./src/crp.o
 .debug_abbrev  0x00000232      0x145 ./src/modos.o
 .debug_abbrev  0x00000377      0x103 ./src/util.o
 .debug_abbrev  0x0000047a      0x11c C:\ISEL\5 semestre\SE\Trabalho\Workspace\DRIVERS\Debug\libDRIVERS.a(display.o)
 .debug_abbrev  0x00000596       0xf1 C:\ISEL\5 semestre\SE\Trabalho\Workspace\DRIVERS\Debug\libDRIVERS.a(eeprom.o)
 .debug_abbrev  0x00000687      0x120 C:\ISEL\5 semestre\SE\Trabalho\Workspace\DRIVERS\Debug\libDRIVERS.a(encoder.o)
 .debug_abbrev  0x000007a7       0x8e C:\ISEL\5 semestre\SE\Trabalho\Workspace\DRIVERS\Debug\libDRIVERS.a(led.o)
 .debug_abbrev  0x00000835       0x63 C:\ISEL\5 semestre\SE\Trabalho\Workspace\DRIVERS\Debug\libDRIVERS.a(pir.o)
 .debug_abbrev  0x00000898       0xca C:\ISEL\5 semestre\SE\Trabalho\Workspace\DRIVERS\Debug\libDRIVERS.a(rtc.o)
 .debug_abbrev  0x00000962      0x133 C:\ISEL\5 semestre\SE\Trabalho\Workspace\HAL\Debug\libHAL.a(fgpio.o)
 .debug_abbrev  0x00000a95      0x13f C:\ISEL\5 semestre\SE\Trabalho\Workspace\HAL\Debug\libHAL.a(rtchall.o)
 .debug_abbrev  0x00000bd4      0x197 C:\ISEL\5 semestre\SE\Trabalho\Workspace\HAL\Debug\libHAL.a(spi.o)
 .debug_abbrev  0x00000d6b      0x269 C:\ISEL\5 semestre\SE\Trabalho\Workspace\HAL\Debug\libHAL.a(timers.o)
 .debug_abbrev  0x00000fd4      0x10e C:\ISEL\5 semestre\SE\Trabalho\Workspace\CMSIS_CORE_LPC17xx\Debug\libCMSIS_CORE_LPC17xx.a(system_LPC17xx.o)

.debug_aranges  0x00000000      0x4a8
 .debug_aranges
                0x00000000       0x28 ./src/Projeto.o
 .debug_aranges
                0x00000028       0x80 ./src/cr_startup_lpc175x_6x.o
 .debug_aranges
                0x000000a8       0x18 ./src/crp.o
 .debug_aranges
                0x000000c0       0x58 ./src/modos.o
 .debug_aranges
                0x00000118       0x40 ./src/util.o
 .debug_aranges
                0x00000158       0x70 C:\ISEL\5 semestre\SE\Trabalho\Workspace\DRIVERS\Debug\libDRIVERS.a(display.o)
 .debug_aranges
                0x000001c8       0x68 C:\ISEL\5 semestre\SE\Trabalho\Workspace\DRIVERS\Debug\libDRIVERS.a(eeprom.o)
 .debug_aranges
                0x00000230       0x48 C:\ISEL\5 semestre\SE\Trabalho\Workspace\DRIVERS\Debug\libDRIVERS.a(encoder.o)
 .debug_aranges
                0x00000278       0x40 C:\ISEL\5 semestre\SE\Trabalho\Workspace\DRIVERS\Debug\libDRIVERS.a(led.o)
 .debug_aranges
                0x000002b8       0x28 C:\ISEL\5 semestre\SE\Trabalho\Workspace\DRIVERS\Debug\libDRIVERS.a(pir.o)
 .debug_aranges
                0x000002e0       0x40 C:\ISEL\5 semestre\SE\Trabalho\Workspace\DRIVERS\Debug\libDRIVERS.a(rtc.o)
 .debug_aranges
                0x00000320       0x70 C:\ISEL\5 semestre\SE\Trabalho\Workspace\HAL\Debug\libHAL.a(fgpio.o)
 .debug_aranges
                0x00000390       0x40 C:\ISEL\5 semestre\SE\Trabalho\Workspace\HAL\Debug\libHAL.a(rtchall.o)
 .debug_aranges
                0x000003d0       0x38 C:\ISEL\5 semestre\SE\Trabalho\Workspace\HAL\Debug\libHAL.a(spi.o)
 .debug_aranges
                0x00000408       0x78 C:\ISEL\5 semestre\SE\Trabalho\Workspace\HAL\Debug\libHAL.a(timers.o)
 .debug_aranges
                0x00000480       0x28 C:\ISEL\5 semestre\SE\Trabalho\Workspace\CMSIS_CORE_LPC17xx\Debug\libCMSIS_CORE_LPC17xx.a(system_LPC17xx.o)

.debug_ranges   0x00000000      0x3a0
 .debug_ranges  0x00000000       0x18 ./src/Projeto.o
 .debug_ranges  0x00000018       0x70 ./src/cr_startup_lpc175x_6x.o
 .debug_ranges  0x00000088       0x48 ./src/modos.o
 .debug_ranges  0x000000d0       0x30 ./src/util.o
 .debug_ranges  0x00000100       0x60 C:\ISEL\5 semestre\SE\Trabalho\Workspace\DRIVERS\Debug\libDRIVERS.a(display.o)
 .debug_ranges  0x00000160       0x58 C:\ISEL\5 semestre\SE\Trabalho\Workspace\DRIVERS\Debug\libDRIVERS.a(eeprom.o)
 .debug_ranges  0x000001b8       0x38 C:\ISEL\5 semestre\SE\Trabalho\Workspace\DRIVERS\Debug\libDRIVERS.a(encoder.o)
 .debug_ranges  0x000001f0       0x30 C:\ISEL\5 semestre\SE\Trabalho\Workspace\DRIVERS\Debug\libDRIVERS.a(led.o)
 .debug_ranges  0x00000220       0x18 C:\ISEL\5 semestre\SE\Trabalho\Workspace\DRIVERS\Debug\libDRIVERS.a(pir.o)
 .debug_ranges  0x00000238       0x30 C:\ISEL\5 semestre\SE\Trabalho\Workspace\DRIVERS\Debug\libDRIVERS.a(rtc.o)
 .debug_ranges  0x00000268       0x60 C:\ISEL\5 semestre\SE\Trabalho\Workspace\HAL\Debug\libHAL.a(fgpio.o)
 .debug_ranges  0x000002c8       0x30 C:\ISEL\5 semestre\SE\Trabalho\Workspace\HAL\Debug\libHAL.a(rtchall.o)
 .debug_ranges  0x000002f8       0x28 C:\ISEL\5 semestre\SE\Trabalho\Workspace\HAL\Debug\libHAL.a(spi.o)
 .debug_ranges  0x00000320       0x68 C:\ISEL\5 semestre\SE\Trabalho\Workspace\HAL\Debug\libHAL.a(timers.o)
 .debug_ranges  0x00000388       0x18 C:\ISEL\5 semestre\SE\Trabalho\Workspace\CMSIS_CORE_LPC17xx\Debug\libCMSIS_CORE_LPC17xx.a(system_LPC17xx.o)

.debug_macro    0x00000000     0x4356
 .debug_macro   0x00000000       0xf4 ./src/Projeto.o
 .debug_macro   0x000000f4      0xa7e ./src/Projeto.o
 .debug_macro   0x00000b72       0x82 ./src/Projeto.o
 .debug_macro   0x00000bf4       0x10 ./src/Projeto.o
 .debug_macro   0x00000c04      0x12e ./src/Projeto.o
 .debug_macro   0x00000d32       0xa0 ./src/Projeto.o
 .debug_macro   0x00000dd2       0x22 ./src/Projeto.o
 .debug_macro   0x00000df4      0x5b3 ./src/Projeto.o
 .debug_macro   0x000013a7       0x4c ./src/Projeto.o
 .debug_macro   0x000013f3       0x16 ./src/Projeto.o
 .debug_macro   0x00001409       0x5e ./src/Projeto.o
 .debug_macro   0x00001467       0x10 ./src/Projeto.o
 .debug_macro   0x00001477       0x9a ./src/Projeto.o
 .debug_macro   0x00001511       0x16 ./src/Projeto.o
 .debug_macro   0x00001527       0x22 ./src/Projeto.o
 .debug_macro   0x00001549       0x3a ./src/Projeto.o
 .debug_macro   0x00001583       0x52 ./src/Projeto.o
 .debug_macro   0x000015d5       0x1d ./src/cr_startup_lpc175x_6x.o
 .debug_macro   0x000015f2       0x1a ./src/crp.o
 .debug_macro   0x0000160c       0x34 ./src/crp.o
 .debug_macro   0x00001640       0xe4 ./src/modos.o
 .debug_macro   0x00001724       0x10 ./src/modos.o
 .debug_macro   0x00001734       0x10 ./src/modos.o
 .debug_macro   0x00001744       0x58 ./src/modos.o
 .debug_macro   0x0000179c       0x9a ./src/modos.o
 .debug_macro   0x00001836       0xae ./src/util.o
 .debug_macro   0x000018e4       0x82 C:\ISEL\5 semestre\SE\Trabalho\Workspace\DRIVERS\Debug\libDRIVERS.a(display.o)
 .debug_macro   0x00001966      0xa7e C:\ISEL\5 semestre\SE\Trabalho\Workspace\DRIVERS\Debug\libDRIVERS.a(display.o)
 .debug_macro   0x000023e4       0x1c C:\ISEL\5 semestre\SE\Trabalho\Workspace\DRIVERS\Debug\libDRIVERS.a(display.o)
 .debug_macro   0x00002400       0x6f C:\ISEL\5 semestre\SE\Trabalho\Workspace\DRIVERS\Debug\libDRIVERS.a(eeprom.o)
 .debug_macro   0x0000246f       0x9a C:\ISEL\5 semestre\SE\Trabalho\Workspace\DRIVERS\Debug\libDRIVERS.a(encoder.o)
 .debug_macro   0x00002509       0x5d C:\ISEL\5 semestre\SE\Trabalho\Workspace\DRIVERS\Debug\libDRIVERS.a(led.o)
 .debug_macro   0x00002566       0x63 C:\ISEL\5 semestre\SE\Trabalho\Workspace\DRIVERS\Debug\libDRIVERS.a(pir.o)
 .debug_macro   0x000025c9       0x10 C:\ISEL\5 semestre\SE\Trabalho\Workspace\DRIVERS\Debug\libDRIVERS.a(pir.o)
 .debug_macro   0x000025d9       0x4e C:\ISEL\5 semestre\SE\Trabalho\Workspace\DRIVERS\Debug\libDRIVERS.a(rtc.o)
 .debug_macro   0x00002627       0x95 C:\ISEL\5 semestre\SE\Trabalho\Workspace\HAL\Debug\libHAL.a(fgpio.o)
 .debug_macro   0x000026bc       0x1c C:\ISEL\5 semestre\SE\Trabalho\Workspace\HAL\Debug\libHAL.a(fgpio.o)
 .debug_macro   0x000026d8       0x3a C:\ISEL\5 semestre\SE\Trabalho\Workspace\HAL\Debug\libHAL.a(fgpio.o)
 .debug_macro   0x00002712       0x2d C:\ISEL\5 semestre\SE\Trabalho\Workspace\HAL\Debug\libHAL.a(fgpio.o)
 .debug_macro   0x0000273f      0xbb1 C:\ISEL\5 semestre\SE\Trabalho\Workspace\HAL\Debug\libHAL.a(fgpio.o)
 .debug_macro   0x000032f0      0x2c7 C:\ISEL\5 semestre\SE\Trabalho\Workspace\HAL\Debug\libHAL.a(fgpio.o)
 .debug_macro   0x000035b7       0x99 C:\ISEL\5 semestre\SE\Trabalho\Workspace\HAL\Debug\libHAL.a(rtchall.o)
 .debug_macro   0x00003650       0x1c C:\ISEL\5 semestre\SE\Trabalho\Workspace\HAL\Debug\libHAL.a(rtchall.o)
 .debug_macro   0x0000366c       0xa1 C:\ISEL\5 semestre\SE\Trabalho\Workspace\HAL\Debug\libHAL.a(spi.o)
 .debug_macro   0x0000370d       0x9e C:\ISEL\5 semestre\SE\Trabalho\Workspace\HAL\Debug\libHAL.a(timers.o)
 .debug_macro   0x000037ab      0x12d C:\ISEL\5 semestre\SE\Trabalho\Workspace\CMSIS_CORE_LPC17xx\Debug\libCMSIS_CORE_LPC17xx.a(system_LPC17xx.o)
 .debug_macro   0x000038d8      0xa7e C:\ISEL\5 semestre\SE\Trabalho\Workspace\CMSIS_CORE_LPC17xx\Debug\libCMSIS_CORE_LPC17xx.a(system_LPC17xx.o)

.debug_line     0x00000000     0x3a29
 .debug_line    0x00000000      0x3d5 ./src/Projeto.o
 .debug_line    0x000003d5      0x160 ./src/cr_startup_lpc175x_6x.o
 .debug_line    0x00000535       0xb1 ./src/crp.o
 .debug_line    0x000005e6      0x705 ./src/modos.o
 .debug_line    0x00000ceb      0x59f ./src/util.o
 .debug_line    0x0000128a      0x394 C:\ISEL\5 semestre\SE\Trabalho\Workspace\DRIVERS\Debug\libDRIVERS.a(display.o)
 .debug_line    0x0000161e      0x599 C:\ISEL\5 semestre\SE\Trabalho\Workspace\DRIVERS\Debug\libDRIVERS.a(eeprom.o)
 .debug_line    0x00001bb7      0x3af C:\ISEL\5 semestre\SE\Trabalho\Workspace\DRIVERS\Debug\libDRIVERS.a(encoder.o)
 .debug_line    0x00001f66      0x259 C:\ISEL\5 semestre\SE\Trabalho\Workspace\DRIVERS\Debug\libDRIVERS.a(led.o)
 .debug_line    0x000021bf      0x213 C:\ISEL\5 semestre\SE\Trabalho\Workspace\DRIVERS\Debug\libDRIVERS.a(pir.o)
 .debug_line    0x000023d2      0x251 C:\ISEL\5 semestre\SE\Trabalho\Workspace\DRIVERS\Debug\libDRIVERS.a(rtc.o)
 .debug_line    0x00002623      0x4a5 C:\ISEL\5 semestre\SE\Trabalho\Workspace\HAL\Debug\libHAL.a(fgpio.o)
 .debug_line    0x00002ac8      0x339 C:\ISEL\5 semestre\SE\Trabalho\Workspace\HAL\Debug\libHAL.a(rtchall.o)
 .debug_line    0x00002e01      0x373 C:\ISEL\5 semestre\SE\Trabalho\Workspace\HAL\Debug\libHAL.a(spi.o)
 .debug_line    0x00003174      0x448 C:\ISEL\5 semestre\SE\Trabalho\Workspace\HAL\Debug\libHAL.a(timers.o)
 .debug_line    0x000035bc      0x46d C:\ISEL\5 semestre\SE\Trabalho\Workspace\CMSIS_CORE_LPC17xx\Debug\libCMSIS_CORE_LPC17xx.a(system_LPC17xx.o)

.debug_str      0x00000000     0xc083
 .debug_str     0x00000000     0x4ee4 ./src/Projeto.o
                               0x4f87 (size before relaxing)
 .debug_str     0x00004ee4      0x1c2 ./src/cr_startup_lpc175x_6x.o
                               0x2eb6 (size before relaxing)
 .debug_str     0x000050a6       0xe9 ./src/crp.o
                               0x2dd7 (size before relaxing)
 .debug_str     0x0000518f      0x257 ./src/modos.o
                               0x4cb3 (size before relaxing)
 .debug_str     0x000053e6       0xaf ./src/util.o
                               0x485f (size before relaxing)
 .debug_str     0x00005495      0x184 C:\ISEL\5 semestre\SE\Trabalho\Workspace\DRIVERS\Debug\libDRIVERS.a(display.o)
                               0x4a2f (size before relaxing)
 .debug_str     0x00005619       0xea C:\ISEL\5 semestre\SE\Trabalho\Workspace\DRIVERS\Debug\libDRIVERS.a(eeprom.o)
                               0x46f5 (size before relaxing)
 .debug_str     0x00005703      0x122 C:\ISEL\5 semestre\SE\Trabalho\Workspace\DRIVERS\Debug\libDRIVERS.a(encoder.o)
                               0x46e1 (size before relaxing)
 .debug_str     0x00005825       0x3d C:\ISEL\5 semestre\SE\Trabalho\Workspace\DRIVERS\Debug\libDRIVERS.a(led.o)
                               0x44ab (size before relaxing)
 .debug_str     0x00005862       0x26 C:\ISEL\5 semestre\SE\Trabalho\Workspace\DRIVERS\Debug\libDRIVERS.a(pir.o)
                               0x448e (size before relaxing)
 .debug_str     0x00005888       0x55 C:\ISEL\5 semestre\SE\Trabalho\Workspace\DRIVERS\Debug\libDRIVERS.a(rtc.o)
                               0x3395 (size before relaxing)
 .debug_str     0x000058dd     0x5c6e C:\ISEL\5 semestre\SE\Trabalho\Workspace\HAL\Debug\libHAL.a(fgpio.o)
                               0xa08c (size before relaxing)
 .debug_str     0x0000b54b      0x2c4 C:\ISEL\5 semestre\SE\Trabalho\Workspace\HAL\Debug\libHAL.a(rtchall.o)
                               0xa093 (size before relaxing)
 .debug_str     0x0000b80f       0x9b C:\ISEL\5 semestre\SE\Trabalho\Workspace\HAL\Debug\libHAL.a(spi.o)
                               0xa08b (size before relaxing)
 .debug_str     0x0000b8aa      0x3cf C:\ISEL\5 semestre\SE\Trabalho\Workspace\HAL\Debug\libHAL.a(timers.o)
                               0xa39a (size before relaxing)
 .debug_str     0x0000bc79      0x40a C:\ISEL\5 semestre\SE\Trabalho\Workspace\CMSIS_CORE_LPC17xx\Debug\libCMSIS_CORE_LPC17xx.a(system_LPC17xx.o)
                               0xa104 (size before relaxing)

.comment        0x00000000       0x49
 .comment       0x00000000       0x49 ./src/Projeto.o
                                 0x4a (size before relaxing)
 .comment       0x00000049       0x4a ./src/cr_startup_lpc175x_6x.o
 .comment       0x00000049       0x4a ./src/crp.o
 .comment       0x00000049       0x4a ./src/modos.o
 .comment       0x00000049       0x4a ./src/util.o
 .comment       0x00000049       0x4a C:\ISEL\5 semestre\SE\Trabalho\Workspace\DRIVERS\Debug\libDRIVERS.a(display.o)
 .comment       0x00000049       0x4a C:\ISEL\5 semestre\SE\Trabalho\Workspace\DRIVERS\Debug\libDRIVERS.a(eeprom.o)
 .comment       0x00000049       0x4a C:\ISEL\5 semestre\SE\Trabalho\Workspace\DRIVERS\Debug\libDRIVERS.a(encoder.o)
 .comment       0x00000049       0x4a C:\ISEL\5 semestre\SE\Trabalho\Workspace\DRIVERS\Debug\libDRIVERS.a(led.o)
 .comment       0x00000049       0x4a C:\ISEL\5 semestre\SE\Trabalho\Workspace\DRIVERS\Debug\libDRIVERS.a(pir.o)
 .comment       0x00000049       0x4a C:\ISEL\5 semestre\SE\Trabalho\Workspace\DRIVERS\Debug\libDRIVERS.a(rtc.o)
 .comment       0x00000049       0x4a C:\ISEL\5 semestre\SE\Trabalho\Workspace\BH1750\Release\libBH1750.a(bh1750.o)
 .comment       0x00000049       0x4a C:\ISEL\5 semestre\SE\Trabalho\Workspace\BH1750\Release\libBH1750.a(i2c.o)
 .comment       0x00000049       0x4a C:\ISEL\5 semestre\SE\Trabalho\Workspace\BH1750\Release\libBH1750.a(pinconfig.o)
 .comment       0x00000049       0x4a C:\ISEL\5 semestre\SE\Trabalho\Workspace\BH1750\Release\libBH1750.a(clockpower.o)
 .comment       0x00000049       0x4a C:\ISEL\5 semestre\SE\Trabalho\Workspace\HAL\Debug\libHAL.a(fgpio.o)
 .comment       0x00000049       0x4a C:\ISEL\5 semestre\SE\Trabalho\Workspace\HAL\Debug\libHAL.a(rtchall.o)
 .comment       0x00000049       0x4a C:\ISEL\5 semestre\SE\Trabalho\Workspace\HAL\Debug\libHAL.a(spi.o)
 .comment       0x00000049       0x4a C:\ISEL\5 semestre\SE\Trabalho\Workspace\HAL\Debug\libHAL.a(timers.o)
 .comment       0x00000049       0x4a C:\ISEL\5 semestre\SE\Trabalho\Workspace\CMSIS_CORE_LPC17xx\Debug\libCMSIS_CORE_LPC17xx.a(system_LPC17xx.o)
 .comment       0x00000049       0x4a c:/nxp/mcuxpressoide_11.6.0_8187/ide/plugins/com.nxp.mcuxpresso.tools.win32_11.6.0.202112161359/tools/bin/../lib/gcc/arm-none-eabi/10.3.1/../../../../arm-none-eabi/lib/thumb/v7-m/nofp\libcr_semihost.a(_cr__main.o)
 .comment       0x00000049       0x4a c:/nxp/mcuxpressoide_11.6.0_8187/ide/plugins/com.nxp.mcuxpresso.tools.win32_11.6.0.202112161359/tools/bin/../lib/gcc/arm-none-eabi/10.3.1/../../../../arm-none-eabi/lib/thumb/v7-m/nofp\libcr_c.a(cr_time.o)
 .comment       0x00000049       0x4a c:/nxp/mcuxpressoide_11.6.0_8187/ide/plugins/com.nxp.mcuxpresso.tools.win32_11.6.0.202112161359/tools/bin/../lib/gcc/arm-none-eabi/10.3.1/../../../../arm-none-eabi/lib/thumb/v7-m/nofp\libcr_c.a(fpprintf.o)
 .comment       0x00000049       0x4a c:/nxp/mcuxpressoide_11.6.0_8187/ide/plugins/com.nxp.mcuxpresso.tools.win32_11.6.0.202112161359/tools/bin/../lib/gcc/arm-none-eabi/10.3.1/../../../../arm-none-eabi/lib/thumb/v7-m/nofp\libcr_c.a(initio.o)
 .comment       0x00000049       0x4a c:/nxp/mcuxpressoide_11.6.0_8187/ide/plugins/com.nxp.mcuxpresso.tools.win32_11.6.0.202112161359/tools/bin/../lib/gcc/arm-none-eabi/10.3.1/../../../../arm-none-eabi/lib/thumb/v7-m/nofp\libcr_c.a(printf.o)
 .comment       0x00000049       0x4a c:/nxp/mcuxpressoide_11.6.0_8187/ide/plugins/com.nxp.mcuxpresso.tools.win32_11.6.0.202112161359/tools/bin/../lib/gcc/arm-none-eabi/10.3.1/../../../../arm-none-eabi/lib/thumb/v7-m/nofp\libcr_c.a(setvbuf.o)
 .comment       0x00000049       0x4a c:/nxp/mcuxpressoide_11.6.0_8187/ide/plugins/com.nxp.mcuxpresso.tools.win32_11.6.0.202112161359/tools/bin/../lib/gcc/arm-none-eabi/10.3.1/../../../../arm-none-eabi/lib/thumb/v7-m/nofp\libcr_c.a(strlen.o)
 .comment       0x00000049       0x4a c:/nxp/mcuxpressoide_11.6.0_8187/ide/plugins/com.nxp.mcuxpresso.tools.win32_11.6.0.202112161359/tools/bin/../lib/gcc/arm-none-eabi/10.3.1/../../../../arm-none-eabi/lib/thumb/v7-m/nofp\libcr_c.a(memset.o)
 .comment       0x00000049       0x4a c:/nxp/mcuxpressoide_11.6.0_8187/ide/plugins/com.nxp.mcuxpresso.tools.win32_11.6.0.202112161359/tools/bin/../lib/gcc/arm-none-eabi/10.3.1/../../../../arm-none-eabi/lib/thumb/v7-m/nofp\libcr_c.a(_deferredlazyseek.o)
 .comment       0x00000049       0x4a c:/nxp/mcuxpressoide_11.6.0_8187/ide/plugins/com.nxp.mcuxpresso.tools.win32_11.6.0.202112161359/tools/bin/../lib/gcc/arm-none-eabi/10.3.1/../../../../arm-none-eabi/lib/thumb/v7-m/nofp\libcr_c.a(_fdopen.o)
 .comment       0x00000049       0x4a c:/nxp/mcuxpressoide_11.6.0_8187/ide/plugins/com.nxp.mcuxpresso.tools.win32_11.6.0.202112161359/tools/bin/../lib/gcc/arm-none-eabi/10.3.1/../../../../arm-none-eabi/lib/thumb/v7-m/nofp\libcr_c.a(_fflush.o)
 .comment       0x00000049       0x4a c:/nxp/mcuxpressoide_11.6.0_8187/ide/plugins/com.nxp.mcuxpresso.tools.win32_11.6.0.202112161359/tools/bin/../lib/gcc/arm-none-eabi/10.3.1/../../../../arm-none-eabi/lib/thumb/v7-m/nofp\libcr_c.a(_frexpl.o)
 .comment       0x00000049       0x4a c:/nxp/mcuxpressoide_11.6.0_8187/ide/plugins/com.nxp.mcuxpresso.tools.win32_11.6.0.202112161359/tools/bin/../lib/gcc/arm-none-eabi/10.3.1/../../../../arm-none-eabi/lib/thumb/v7-m/nofp\libcr_c.a(_ldexpl.o)
 .comment       0x00000049       0x4a c:/nxp/mcuxpressoide_11.6.0_8187/ide/plugins/com.nxp.mcuxpresso.tools.win32_11.6.0.202112161359/tools/bin/../lib/gcc/arm-none-eabi/10.3.1/../../../../arm-none-eabi/lib/thumb/v7-m/nofp\libcr_c.a(_writebuf.o)
 .comment       0x00000049       0x4a c:/nxp/mcuxpressoide_11.6.0_8187/ide/plugins/com.nxp.mcuxpresso.tools.win32_11.6.0.202112161359/tools/bin/../lib/gcc/arm-none-eabi/10.3.1/../../../../arm-none-eabi/lib/thumb/v7-m/nofp\libcr_c.a(alloc.o)
 .comment       0x00000049       0x4a c:/nxp/mcuxpressoide_11.6.0_8187/ide/plugins/com.nxp.mcuxpresso.tools.win32_11.6.0.202112161359/tools/bin/../lib/gcc/arm-none-eabi/10.3.1/../../../../arm-none-eabi/lib/thumb/v7-m/nofp\libcr_c.a(errno.o)
 .comment       0x00000049       0x4a c:/nxp/mcuxpressoide_11.6.0_8187/ide/plugins/com.nxp.mcuxpresso.tools.win32_11.6.0.202112161359/tools/bin/../lib/gcc/arm-none-eabi/10.3.1/../../../../arm-none-eabi/lib/thumb/v7-m/nofp\libcr_c.a(fclose.o)
 .comment       0x00000049       0x4a c:/nxp/mcuxpressoide_11.6.0_8187/ide/plugins/com.nxp.mcuxpresso.tools.win32_11.6.0.202112161359/tools/bin/../lib/gcc/arm-none-eabi/10.3.1/../../../../arm-none-eabi/lib/thumb/v7-m/nofp\libcr_c.a(fflush.o)
 .comment       0x00000049       0x4a c:/nxp/mcuxpressoide_11.6.0_8187/ide/plugins/com.nxp.mcuxpresso.tools.win32_11.6.0.202112161359/tools/bin/../lib/gcc/arm-none-eabi/10.3.1/../../../../arm-none-eabi/lib/thumb/v7-m/nofp\libcr_c.a(fseek.o)
 .comment       0x00000049       0x4a c:/nxp/mcuxpressoide_11.6.0_8187/ide/plugins/com.nxp.mcuxpresso.tools.win32_11.6.0.202112161359/tools/bin/../lib/gcc/arm-none-eabi/10.3.1/../../../../arm-none-eabi/lib/thumb/v7-m/nofp\libcr_c.a(ftell.o)
 .comment       0x00000049       0x4a c:/nxp/mcuxpressoide_11.6.0_8187/ide/plugins/com.nxp.mcuxpresso.tools.win32_11.6.0.202112161359/tools/bin/../lib/gcc/arm-none-eabi/10.3.1/../../../../arm-none-eabi/lib/thumb/v7-m/nofp\libcr_c.a(remove.o)
 .comment       0x00000049       0x4a c:/nxp/mcuxpressoide_11.6.0_8187/ide/plugins/com.nxp.mcuxpresso.tools.win32_11.6.0.202112161359/tools/bin/../lib/gcc/arm-none-eabi/10.3.1/../../../../arm-none-eabi/lib/thumb/v7-m/nofp\libcr_c.a(__init_alloc.o)
 .comment       0x00000049       0x4a c:/nxp/mcuxpressoide_11.6.0_8187/ide/plugins/com.nxp.mcuxpresso.tools.win32_11.6.0.202112161359/tools/bin/../lib/gcc/arm-none-eabi/10.3.1/../../../../arm-none-eabi/lib/thumb/v7-m/nofp\libcr_c.a(_cr_sbrk.o)
 .comment       0x00000049       0x4a c:/nxp/mcuxpressoide_11.6.0_8187/ide/plugins/com.nxp.mcuxpresso.tools.win32_11.6.0.202112161359/tools/bin/../lib/gcc/arm-none-eabi/10.3.1/../../../../arm-none-eabi/lib/thumb/v7-m/nofp\libcr_c.a(_do_fflush.o)
 .comment       0x00000049       0x4a c:/nxp/mcuxpressoide_11.6.0_8187/ide/plugins/com.nxp.mcuxpresso.tools.win32_11.6.0.202112161359/tools/bin/../lib/gcc/arm-none-eabi/10.3.1/../../../../arm-none-eabi/lib/thumb/v7-m/nofp\libcr_c.a(_cr_check_heap.o)
 .comment       0x00000049       0x4a c:/nxp/mcuxpressoide_11.6.0_8187/ide/plugins/com.nxp.mcuxpresso.tools.win32_11.6.0.202112161359/tools/bin/../lib/gcc/arm-none-eabi/10.3.1/thumb/v7-m/nofp\libcr_eabihelpers.a(double.o)
 .comment       0x00000049       0x4a c:/nxp/mcuxpressoide_11.6.0_8187/ide/plugins/com.nxp.mcuxpresso.tools.win32_11.6.0.202112161359/tools/bin/../lib/gcc/arm-none-eabi/10.3.1/thumb/v7-m/nofp\libcr_eabihelpers.a(float.o)
 .comment       0x00000049       0x4a c:/nxp/mcuxpressoide_11.6.0_8187/ide/plugins/com.nxp.mcuxpresso.tools.win32_11.6.0.202112161359/tools/bin/../lib/gcc/arm-none-eabi/10.3.1/../../../../arm-none-eabi/lib/thumb/v7-m/nofp\libcr_semihost.a(__ciob.o)

.ARM.attributes
                0x00000000       0x2b
 .ARM.attributes
                0x00000000       0x2d ./src/Projeto.o
 .ARM.attributes
                0x0000002d       0x2d ./src/cr_startup_lpc175x_6x.o
 .ARM.attributes
                0x0000005a       0x2d ./src/crp.o
 .ARM.attributes
                0x00000087       0x2d ./src/modos.o
 .ARM.attributes
                0x000000b4       0x2d ./src/util.o
 .ARM.attributes
                0x000000e1       0x2d C:\ISEL\5 semestre\SE\Trabalho\Workspace\DRIVERS\Debug\libDRIVERS.a(display.o)
 .ARM.attributes
                0x0000010e       0x2d C:\ISEL\5 semestre\SE\Trabalho\Workspace\DRIVERS\Debug\libDRIVERS.a(eeprom.o)
 .ARM.attributes
                0x0000013b       0x2d C:\ISEL\5 semestre\SE\Trabalho\Workspace\DRIVERS\Debug\libDRIVERS.a(encoder.o)
 .ARM.attributes
                0x00000168       0x2d C:\ISEL\5 semestre\SE\Trabalho\Workspace\DRIVERS\Debug\libDRIVERS.a(led.o)
 .ARM.attributes
                0x00000195       0x2d C:\ISEL\5 semestre\SE\Trabalho\Workspace\DRIVERS\Debug\libDRIVERS.a(pir.o)
 .ARM.attributes
                0x000001c2       0x2d C:\ISEL\5 semestre\SE\Trabalho\Workspace\DRIVERS\Debug\libDRIVERS.a(rtc.o)
 .ARM.attributes
                0x000001ef       0x2d C:\ISEL\5 semestre\SE\Trabalho\Workspace\BH1750\Release\libBH1750.a(bh1750.o)
 .ARM.attributes
                0x0000021c       0x2d C:\ISEL\5 semestre\SE\Trabalho\Workspace\BH1750\Release\libBH1750.a(i2c.o)
 .ARM.attributes
                0x00000249       0x2d C:\ISEL\5 semestre\SE\Trabalho\Workspace\BH1750\Release\libBH1750.a(pinconfig.o)
 .ARM.attributes
                0x00000276       0x2d C:\ISEL\5 semestre\SE\Trabalho\Workspace\BH1750\Release\libBH1750.a(clockpower.o)
 .ARM.attributes
                0x000002a3       0x2d C:\ISEL\5 semestre\SE\Trabalho\Workspace\HAL\Debug\libHAL.a(fgpio.o)
 .ARM.attributes
                0x000002d0       0x2d C:\ISEL\5 semestre\SE\Trabalho\Workspace\HAL\Debug\libHAL.a(rtchall.o)
 .ARM.attributes
                0x000002fd       0x2d C:\ISEL\5 semestre\SE\Trabalho\Workspace\HAL\Debug\libHAL.a(spi.o)
 .ARM.attributes
                0x0000032a       0x2d C:\ISEL\5 semestre\SE\Trabalho\Workspace\HAL\Debug\libHAL.a(timers.o)
 .ARM.attributes
                0x00000357       0x2d C:\ISEL\5 semestre\SE\Trabalho\Workspace\CMSIS_CORE_LPC17xx\Debug\libCMSIS_CORE_LPC17xx.a(system_LPC17xx.o)
 .ARM.attributes
                0x00000384       0x2d c:/nxp/mcuxpressoide_11.6.0_8187/ide/plugins/com.nxp.mcuxpresso.tools.win32_11.6.0.202112161359/tools/bin/../lib/gcc/arm-none-eabi/10.3.1/../../../../arm-none-eabi/lib/thumb/v7-m/nofp\libcr_semihost.a(_cr__main.o)
 .ARM.attributes
                0x000003b1       0x2d c:/nxp/mcuxpressoide_11.6.0_8187/ide/plugins/com.nxp.mcuxpresso.tools.win32_11.6.0.202112161359/tools/bin/../lib/gcc/arm-none-eabi/10.3.1/../../../../arm-none-eabi/lib/thumb/v7-m/nofp\libcr_c.a(cr_time.o)
 .ARM.attributes
                0x000003de       0x2d c:/nxp/mcuxpressoide_11.6.0_8187/ide/plugins/com.nxp.mcuxpresso.tools.win32_11.6.0.202112161359/tools/bin/../lib/gcc/arm-none-eabi/10.3.1/../../../../arm-none-eabi/lib/thumb/v7-m/nofp\libcr_c.a(fpprintf.o)
 .ARM.attributes
                0x0000040b       0x2d c:/nxp/mcuxpressoide_11.6.0_8187/ide/plugins/com.nxp.mcuxpresso.tools.win32_11.6.0.202112161359/tools/bin/../lib/gcc/arm-none-eabi/10.3.1/../../../../arm-none-eabi/lib/thumb/v7-m/nofp\libcr_c.a(initio.o)
 .ARM.attributes
                0x00000438       0x2d c:/nxp/mcuxpressoide_11.6.0_8187/ide/plugins/com.nxp.mcuxpresso.tools.win32_11.6.0.202112161359/tools/bin/../lib/gcc/arm-none-eabi/10.3.1/../../../../arm-none-eabi/lib/thumb/v7-m/nofp\libcr_c.a(printf.o)
 .ARM.attributes
                0x00000465       0x2d c:/nxp/mcuxpressoide_11.6.0_8187/ide/plugins/com.nxp.mcuxpresso.tools.win32_11.6.0.202112161359/tools/bin/../lib/gcc/arm-none-eabi/10.3.1/../../../../arm-none-eabi/lib/thumb/v7-m/nofp\libcr_c.a(setvbuf.o)
 .ARM.attributes
                0x00000492       0x2d c:/nxp/mcuxpressoide_11.6.0_8187/ide/plugins/com.nxp.mcuxpresso.tools.win32_11.6.0.202112161359/tools/bin/../lib/gcc/arm-none-eabi/10.3.1/../../../../arm-none-eabi/lib/thumb/v7-m/nofp\libcr_c.a(strlen.o)
 .ARM.attributes
                0x000004bf       0x2d c:/nxp/mcuxpressoide_11.6.0_8187/ide/plugins/com.nxp.mcuxpresso.tools.win32_11.6.0.202112161359/tools/bin/../lib/gcc/arm-none-eabi/10.3.1/../../../../arm-none-eabi/lib/thumb/v7-m/nofp\libcr_c.a(memset.o)
 .ARM.attributes
                0x000004ec       0x2d c:/nxp/mcuxpressoide_11.6.0_8187/ide/plugins/com.nxp.mcuxpresso.tools.win32_11.6.0.202112161359/tools/bin/../lib/gcc/arm-none-eabi/10.3.1/../../../../arm-none-eabi/lib/thumb/v7-m/nofp\libcr_c.a(_deferredlazyseek.o)
 .ARM.attributes
                0x00000519       0x2d c:/nxp/mcuxpressoide_11.6.0_8187/ide/plugins/com.nxp.mcuxpresso.tools.win32_11.6.0.202112161359/tools/bin/../lib/gcc/arm-none-eabi/10.3.1/../../../../arm-none-eabi/lib/thumb/v7-m/nofp\libcr_c.a(_fdopen.o)
 .ARM.attributes
                0x00000546       0x2d c:/nxp/mcuxpressoide_11.6.0_8187/ide/plugins/com.nxp.mcuxpresso.tools.win32_11.6.0.202112161359/tools/bin/../lib/gcc/arm-none-eabi/10.3.1/../../../../arm-none-eabi/lib/thumb/v7-m/nofp\libcr_c.a(_fflush.o)
 .ARM.attributes
                0x00000573       0x2d c:/nxp/mcuxpressoide_11.6.0_8187/ide/plugins/com.nxp.mcuxpresso.tools.win32_11.6.0.202112161359/tools/bin/../lib/gcc/arm-none-eabi/10.3.1/../../../../arm-none-eabi/lib/thumb/v7-m/nofp\libcr_c.a(_frexpl.o)
 .ARM.attributes
                0x000005a0       0x2d c:/nxp/mcuxpressoide_11.6.0_8187/ide/plugins/com.nxp.mcuxpresso.tools.win32_11.6.0.202112161359/tools/bin/../lib/gcc/arm-none-eabi/10.3.1/../../../../arm-none-eabi/lib/thumb/v7-m/nofp\libcr_c.a(_ldexpl.o)
 .ARM.attributes
                0x000005cd       0x2d c:/nxp/mcuxpressoide_11.6.0_8187/ide/plugins/com.nxp.mcuxpresso.tools.win32_11.6.0.202112161359/tools/bin/../lib/gcc/arm-none-eabi/10.3.1/../../../../arm-none-eabi/lib/thumb/v7-m/nofp\libcr_c.a(_writebuf.o)
 .ARM.attributes
                0x000005fa       0x2d c:/nxp/mcuxpressoide_11.6.0_8187/ide/plugins/com.nxp.mcuxpresso.tools.win32_11.6.0.202112161359/tools/bin/../lib/gcc/arm-none-eabi/10.3.1/../../../../arm-none-eabi/lib/thumb/v7-m/nofp\libcr_c.a(alloc.o)
 .ARM.attributes
                0x00000627       0x2d c:/nxp/mcuxpressoide_11.6.0_8187/ide/plugins/com.nxp.mcuxpresso.tools.win32_11.6.0.202112161359/tools/bin/../lib/gcc/arm-none-eabi/10.3.1/../../../../arm-none-eabi/lib/thumb/v7-m/nofp\libcr_c.a(errno.o)
 .ARM.attributes
                0x00000654       0x2d c:/nxp/mcuxpressoide_11.6.0_8187/ide/plugins/com.nxp.mcuxpresso.tools.win32_11.6.0.202112161359/tools/bin/../lib/gcc/arm-none-eabi/10.3.1/../../../../arm-none-eabi/lib/thumb/v7-m/nofp\libcr_c.a(fclose.o)
 .ARM.attributes
                0x00000681       0x2d c:/nxp/mcuxpressoide_11.6.0_8187/ide/plugins/com.nxp.mcuxpresso.tools.win32_11.6.0.202112161359/tools/bin/../lib/gcc/arm-none-eabi/10.3.1/../../../../arm-none-eabi/lib/thumb/v7-m/nofp\libcr_c.a(fflush.o)
 .ARM.attributes
                0x000006ae       0x2d c:/nxp/mcuxpressoide_11.6.0_8187/ide/plugins/com.nxp.mcuxpresso.tools.win32_11.6.0.202112161359/tools/bin/../lib/gcc/arm-none-eabi/10.3.1/../../../../arm-none-eabi/lib/thumb/v7-m/nofp\libcr_c.a(fseek.o)
 .ARM.attributes
                0x000006db       0x2d c:/nxp/mcuxpressoide_11.6.0_8187/ide/plugins/com.nxp.mcuxpresso.tools.win32_11.6.0.202112161359/tools/bin/../lib/gcc/arm-none-eabi/10.3.1/../../../../arm-none-eabi/lib/thumb/v7-m/nofp\libcr_c.a(ftell.o)
 .ARM.attributes
                0x00000708       0x2d c:/nxp/mcuxpressoide_11.6.0_8187/ide/plugins/com.nxp.mcuxpresso.tools.win32_11.6.0.202112161359/tools/bin/../lib/gcc/arm-none-eabi/10.3.1/../../../../arm-none-eabi/lib/thumb/v7-m/nofp\libcr_c.a(remove.o)
 .ARM.attributes
                0x00000735       0x2d c:/nxp/mcuxpressoide_11.6.0_8187/ide/plugins/com.nxp.mcuxpresso.tools.win32_11.6.0.202112161359/tools/bin/../lib/gcc/arm-none-eabi/10.3.1/../../../../arm-none-eabi/lib/thumb/v7-m/nofp\libcr_c.a(__init_alloc.o)
 .ARM.attributes
                0x00000762       0x2d c:/nxp/mcuxpressoide_11.6.0_8187/ide/plugins/com.nxp.mcuxpresso.tools.win32_11.6.0.202112161359/tools/bin/../lib/gcc/arm-none-eabi/10.3.1/../../../../arm-none-eabi/lib/thumb/v7-m/nofp\libcr_c.a(_cr_sbrk.o)
 .ARM.attributes
                0x0000078f       0x2d c:/nxp/mcuxpressoide_11.6.0_8187/ide/plugins/com.nxp.mcuxpresso.tools.win32_11.6.0.202112161359/tools/bin/../lib/gcc/arm-none-eabi/10.3.1/../../../../arm-none-eabi/lib/thumb/v7-m/nofp\libcr_c.a(_do_fflush.o)
 .ARM.attributes
                0x000007bc       0x2d c:/nxp/mcuxpressoide_11.6.0_8187/ide/plugins/com.nxp.mcuxpresso.tools.win32_11.6.0.202112161359/tools/bin/../lib/gcc/arm-none-eabi/10.3.1/../../../../arm-none-eabi/lib/thumb/v7-m/nofp\libcr_c.a(_cr_check_heap.o)
 .ARM.attributes
                0x000007e9       0x1b c:/nxp/mcuxpressoide_11.6.0_8187/ide/plugins/com.nxp.mcuxpresso.tools.win32_11.6.0.202112161359/tools/bin/../lib/gcc/arm-none-eabi/10.3.1/thumb/v7-m/nofp\libcr_eabihelpers.a(division_64.o)
 .ARM.attributes
                0x00000804       0x1b c:/nxp/mcuxpressoide_11.6.0_8187/ide/plugins/com.nxp.mcuxpresso.tools.win32_11.6.0.202112161359/tools/bin/../lib/gcc/arm-none-eabi/10.3.1/thumb/v7-m/nofp\libcr_eabihelpers.a(division_idiv0.o)
 .ARM.attributes
                0x0000081f       0x2d c:/nxp/mcuxpressoide_11.6.0_8187/ide/plugins/com.nxp.mcuxpresso.tools.win32_11.6.0.202112161359/tools/bin/../lib/gcc/arm-none-eabi/10.3.1/thumb/v7-m/nofp\libcr_eabihelpers.a(double.o)
 .ARM.attributes
                0x0000084c       0x2d c:/nxp/mcuxpressoide_11.6.0_8187/ide/plugins/com.nxp.mcuxpresso.tools.win32_11.6.0.202112161359/tools/bin/../lib/gcc/arm-none-eabi/10.3.1/thumb/v7-m/nofp\libcr_eabihelpers.a(float.o)
 .ARM.attributes
                0x00000879       0x1b c:/nxp/mcuxpressoide_11.6.0_8187/ide/plugins/com.nxp.mcuxpresso.tools.win32_11.6.0.202112161359/tools/bin/../lib/gcc/arm-none-eabi/10.3.1/thumb/v7-m/nofp\libcr_eabihelpers.a(memcpy.o)
 .ARM.attributes
                0x00000894       0x2d c:/nxp/mcuxpressoide_11.6.0_8187/ide/plugins/com.nxp.mcuxpresso.tools.win32_11.6.0.202112161359/tools/bin/../lib/gcc/arm-none-eabi/10.3.1/../../../../arm-none-eabi/lib/thumb/v7-m/nofp\libcr_semihost.a(__ciob.o)
 .ARM.attributes
                0x000008c1       0x1b c:/nxp/mcuxpressoide_11.6.0_8187/ide/plugins/com.nxp.mcuxpresso.tools.win32_11.6.0.202112161359/tools/bin/../lib/gcc/arm-none-eabi/10.3.1/../../../../arm-none-eabi/lib/thumb/v7-m/nofp\libcr_semihost.a(__sys_appexit.o)
 .ARM.attributes
                0x000008dc       0x1b c:/nxp/mcuxpressoide_11.6.0_8187/ide/plugins/com.nxp.mcuxpresso.tools.win32_11.6.0.202112161359/tools/bin/../lib/gcc/arm-none-eabi/10.3.1/../../../../arm-none-eabi/lib/thumb/v7-m/nofp\libcr_semihost.a(__sys_close.o)
 .ARM.attributes
                0x000008f7       0x1b c:/nxp/mcuxpressoide_11.6.0_8187/ide/plugins/com.nxp.mcuxpresso.tools.win32_11.6.0.202112161359/tools/bin/../lib/gcc/arm-none-eabi/10.3.1/../../../../arm-none-eabi/lib/thumb/v7-m/nofp\libcr_semihost.a(__sys_flen.o)
 .ARM.attributes
                0x00000912       0x1b c:/nxp/mcuxpressoide_11.6.0_8187/ide/plugins/com.nxp.mcuxpresso.tools.win32_11.6.0.202112161359/tools/bin/../lib/gcc/arm-none-eabi/10.3.1/../../../../arm-none-eabi/lib/thumb/v7-m/nofp\libcr_semihost.a(__sys_istty.o)
 .ARM.attributes
                0x0000092d       0x1b c:/nxp/mcuxpressoide_11.6.0_8187/ide/plugins/com.nxp.mcuxpresso.tools.win32_11.6.0.202112161359/tools/bin/../lib/gcc/arm-none-eabi/10.3.1/../../../../arm-none-eabi/lib/thumb/v7-m/nofp\libcr_semihost.a(__sys_remove.o)
 .ARM.attributes
                0x00000948       0x1b c:/nxp/mcuxpressoide_11.6.0_8187/ide/plugins/com.nxp.mcuxpresso.tools.win32_11.6.0.202112161359/tools/bin/../lib/gcc/arm-none-eabi/10.3.1/../../../../arm-none-eabi/lib/thumb/v7-m/nofp\libcr_semihost.a(__sys_seek.o)
 .ARM.attributes
                0x00000963       0x1b c:/nxp/mcuxpressoide_11.6.0_8187/ide/plugins/com.nxp.mcuxpresso.tools.win32_11.6.0.202112161359/tools/bin/../lib/gcc/arm-none-eabi/10.3.1/../../../../arm-none-eabi/lib/thumb/v7-m/nofp\libcr_semihost.a(__sys_time.o)
 .ARM.attributes
                0x0000097e       0x1b c:/nxp/mcuxpressoide_11.6.0_8187/ide/plugins/com.nxp.mcuxpresso.tools.win32_11.6.0.202112161359/tools/bin/../lib/gcc/arm-none-eabi/10.3.1/../../../../arm-none-eabi/lib/thumb/v7-m/nofp\libcr_semihost.a(__sys_tmpnam.o)
 .ARM.attributes
                0x00000999       0x1b c:/nxp/mcuxpressoide_11.6.0_8187/ide/plugins/com.nxp.mcuxpresso.tools.win32_11.6.0.202112161359/tools/bin/../lib/gcc/arm-none-eabi/10.3.1/../../../../arm-none-eabi/lib/thumb/v7-m/nofp\libcr_semihost.a(__sys_write.o)

.debug_frame    0x00000000      0xeb0
 .debug_frame   0x00000000       0x54 ./src/Projeto.o
 .debug_frame   0x00000054      0x170 ./src/cr_startup_lpc175x_6x.o
 .debug_frame   0x000001c4      0x140 ./src/modos.o
 .debug_frame   0x00000304       0xd4 ./src/util.o
 .debug_frame   0x000003d8      0x19c C:\ISEL\5 semestre\SE\Trabalho\Workspace\DRIVERS\Debug\libDRIVERS.a(display.o)
 .debug_frame   0x00000574      0x198 C:\ISEL\5 semestre\SE\Trabalho\Workspace\DRIVERS\Debug\libDRIVERS.a(eeprom.o)
 .debug_frame   0x0000070c       0xe0 C:\ISEL\5 semestre\SE\Trabalho\Workspace\DRIVERS\Debug\libDRIVERS.a(encoder.o)
 .debug_frame   0x000007ec       0xa4 C:\ISEL\5 semestre\SE\Trabalho\Workspace\DRIVERS\Debug\libDRIVERS.a(led.o)
 .debug_frame   0x00000890       0x48 C:\ISEL\5 semestre\SE\Trabalho\Workspace\DRIVERS\Debug\libDRIVERS.a(pir.o)
 .debug_frame   0x000008d8       0xbc C:\ISEL\5 semestre\SE\Trabalho\Workspace\DRIVERS\Debug\libDRIVERS.a(rtc.o)
 .debug_frame   0x00000994      0x1c4 C:\ISEL\5 semestre\SE\Trabalho\Workspace\HAL\Debug\libHAL.a(fgpio.o)
 .debug_frame   0x00000b58       0xc0 C:\ISEL\5 semestre\SE\Trabalho\Workspace\HAL\Debug\libHAL.a(rtchall.o)
 .debug_frame   0x00000c18       0xa0 C:\ISEL\5 semestre\SE\Trabalho\Workspace\HAL\Debug\libHAL.a(spi.o)
 .debug_frame   0x00000cb8      0x1bc C:\ISEL\5 semestre\SE\Trabalho\Workspace\HAL\Debug\libHAL.a(timers.o)
 .debug_frame   0x00000e74       0x3c C:\ISEL\5 semestre\SE\Trabalho\Workspace\CMSIS_CORE_LPC17xx\Debug\libCMSIS_CORE_LPC17xx.a(system_LPC17xx.o)

Cross Reference Table

Symbol                                            File
ADC_IRQHandler                                    ./src/cr_startup_lpc175x_6x.o
BH1750_CONV_FACTOR                                C:\ISEL\5 semestre\SE\Trabalho\Workspace\BH1750\Release\libBH1750.a(bh1750.o)
BH1750_ConfigureMode                              C:\ISEL\5 semestre\SE\Trabalho\Workspace\BH1750\Release\libBH1750.a(bh1750.o)
BH1750_GetElapsedMillis                           ./src/Projeto.o
                                                  C:\ISEL\5 semestre\SE\Trabalho\Workspace\BH1750\Release\libBH1750.a(bh1750.o)
BH1750_GetLight                                   C:\ISEL\5 semestre\SE\Trabalho\Workspace\BH1750\Release\libBH1750.a(bh1750.o)
                                                  ./src/modos.o
BH1750_Init                                       C:\ISEL\5 semestre\SE\Trabalho\Workspace\BH1750\Release\libBH1750.a(bh1750.o)
                                                  ./src/Projeto.o
BH1750_Ready                                      C:\ISEL\5 semestre\SE\Trabalho\Workspace\BH1750\Release\libBH1750.a(bh1750.o)
                                                  ./src/modos.o
BH1750_SetMeasurementTime                         C:\ISEL\5 semestre\SE\Trabalho\Workspace\BH1750\Release\libBH1750.a(bh1750.o)
BOD_IRQHandler                                    ./src/cr_startup_lpc175x_6x.o
BusFault_Handler                                  ./src/cr_startup_lpc175x_6x.o
CANActivity_IRQHandler                            ./src/cr_startup_lpc175x_6x.o
CAN_IRQHandler                                    ./src/cr_startup_lpc175x_6x.o
CAT25128_ReadBlock                                C:\ISEL\5 semestre\SE\Trabalho\Workspace\DRIVERS\Debug\libDRIVERS.a(eeprom.o)
CAT25128_ReadByte                                 C:\ISEL\5 semestre\SE\Trabalho\Workspace\DRIVERS\Debug\libDRIVERS.a(eeprom.o)
                                                  ./src/modos.o