C:\ISEL\5 semestre\SE\Trabalho\Workspace\CMSIS_CORE_LPC17xx\inc/core_cm3.h:1323:22:NVIC_EnableIRQ	16	static
C:\ISEL\5 semestre\SE\Trabalho\Workspace\CMSIS_CORE_LPC17xx\inc/core_cm3.h:1405:22:NVIC_SetPriority	16	static
C:\ISEL\5 semestre\SE\Trabalho\Workspace\CMSIS_CORE_LPC17xx\inc/core_cm3.h:1532:26:SysTick_Config	16	static
../src/timers.c:8:6:RIT_IRQACK	4	static
../src/timers.c:15:6:Rep_timer_init	16	static
../src/timers.c:38:5:WAIT_Init	8	static
../src/timers.c:49:6:SysTick_Handler	4	static
../src/timers.c:53:6:WAIT_Milliseconds	24	static
../src/timers.c:60:10:WAIT_GetElapsedMillis	16	static
../src/timers.c:67:6:WAIT_StopwatchInit	4	static
../src/timers.c:92:6:WAIT_Stopwatch	16	static
../src/timers.c:103:6:TIMER0_IRQHandler	4	static
