C:\ISEL\5 semestre\SE\Trabalho\Workspace\CMSIS_CORE_LPC17xx\inc/core_cm3.h:1405:22:NVIC_SetPriority	16	static
C:\ISEL\5 semestre\SE\Trabalho\Workspace\CMSIS_CORE_LPC17xx\inc/core_cm3.h:1532:26:SysTick_Config	16	static
../src/timer.c:5:5:WAIT_Init	8	static
../src/timer.c:16:6:SysTick_Handler	4	static
../src/timer.c:20:6:WAIT_Milliseconds	24	static
../src/timer.c:27:10:WAIT_GetElapsedMillis	16	static
../src/timer.c:33:6:WAIT_StopwatchInit	4	static
../src/timer.c:58:6:WAIT_Stopwatch	16	static
../src/timer.c:69:6:TIMER0_IRQHandler	4	static
